Archive member included to satisfy reference by file (symbol)

c:/st/stm32cubeide_1.8.0/stm32cubeide/plugins/com.st.stm32cube.ide.mcu.externaltools.gnu-tools-for-stm32.10.3-2021.10.win32_1.0.0.202111181127/tools/bin/../lib/gcc/arm-none-eabi/10.3.1/../../../../arm-none-eabi/lib/thumb/v7e-m+fp/hard\libc_nano.a(lib_a-errno.o)
                              ./Core/Src/syscalls.o (__errno)
c:/st/stm32cubeide_1.8.0/stm32cubeide/plugins/com.st.stm32cube.ide.mcu.externaltools.gnu-tools-for-stm32.10.3-2021.10.win32_1.0.0.202111181127/tools/bin/../lib/gcc/arm-none-eabi/10.3.1/../../../../arm-none-eabi/lib/thumb/v7e-m+fp/hard\libc_nano.a(lib_a-exit.o)
                              c:/st/stm32cubeide_1.8.0/stm32cubeide/plugins/com.st.stm32cube.ide.mcu.externaltools.gnu-tools-for-stm32.10.3-2021.10.win32_1.0.0.202111181127/tools/bin/../lib/gcc/arm-none-eabi/10.3.1/../../../../arm-none-eabi/lib/thumb/v7e-m+fp/hard/crt0.o (exit)
c:/st/stm32cubeide_1.8.0/stm32cubeide/plugins/com.st.stm32cube.ide.mcu.externaltools.gnu-tools-for-stm32.10.3-2021.10.win32_1.0.0.202111181127/tools/bin/../lib/gcc/arm-none-eabi/10.3.1/../../../../arm-none-eabi/lib/thumb/v7e-m+fp/hard\libc_nano.a(lib_a-impure.o)
                              c:/st/stm32cubeide_1.8.0/stm32cubeide/plugins/com.st.stm32cube.ide.mcu.externaltools.gnu-tools-for-stm32.10.3-2021.10.win32_1.0.0.202111181127/tools/bin/../lib/gcc/arm-none-eabi/10.3.1/../../../../arm-none-eabi/lib/thumb/v7e-m+fp/hard\libc_nano.a(lib_a-exit.o) (_global_impure_ptr)
c:/st/stm32cubeide_1.8.0/stm32cubeide/plugins/com.st.stm32cube.ide.mcu.externaltools.gnu-tools-for-stm32.10.3-2021.10.win32_1.0.0.202111181127/tools/bin/../lib/gcc/arm-none-eabi/10.3.1/../../../../arm-none-eabi/lib/thumb/v7e-m+fp/hard\libc_nano.a(lib_a-init.o)
                              c:/st/stm32cubeide_1.8.0/stm32cubeide/plugins/com.st.stm32cube.ide.mcu.externaltools.gnu-tools-for-stm32.10.3-2021.10.win32_1.0.0.202111181127/tools/bin/../lib/gcc/arm-none-eabi/10.3.1/../../../../arm-none-eabi/lib/thumb/v7e-m+fp/hard/crt0.o (__libc_init_array)
c:/st/stm32cubeide_1.8.0/stm32cubeide/plugins/com.st.stm32cube.ide.mcu.externaltools.gnu-tools-for-stm32.10.3-2021.10.win32_1.0.0.202111181127/tools/bin/../lib/gcc/arm-none-eabi/10.3.1/../../../../arm-none-eabi/lib/thumb/v7e-m+fp/hard\libc_nano.a(lib_a-memcpy-stub.o)
                              ./Middlewares/Third_Party/FreeRTOS/Source/CMSIS_RTOS_V2/cmsis_os2.o (memcpy)
c:/st/stm32cubeide_1.8.0/stm32cubeide/plugins/com.st.stm32cube.ide.mcu.externaltools.gnu-tools-for-stm32.10.3-2021.10.win32_1.0.0.202111181127/tools/bin/../lib/gcc/arm-none-eabi/10.3.1/../../../../arm-none-eabi/lib/thumb/v7e-m+fp/hard\libc_nano.a(lib_a-memset.o)
                              c:/st/stm32cubeide_1.8.0/stm32cubeide/plugins/com.st.stm32cube.ide.mcu.externaltools.gnu-tools-for-stm32.10.3-2021.10.win32_1.0.0.202111181127/tools/bin/../lib/gcc/arm-none-eabi/10.3.1/../../../../arm-none-eabi/lib/thumb/v7e-m+fp/hard/crt0.o (memset)
c:/st/stm32cubeide_1.8.0/stm32cubeide/plugins/com.st.stm32cube.ide.mcu.externaltools.gnu-tools-for-stm32.10.3-2021.10.win32_1.0.0.202111181127/tools/bin/../lib/gcc/arm-none-eabi/10.3.1/../../../../arm-none-eabi/lib/thumb/v7e-m+fp/hard\libm.a(lib_a-w_pow.o)
                              ./Core/Src/max7219_matrix.o (pow)
c:/st/stm32cubeide_1.8.0/stm32cubeide/plugins/com.st.stm32cube.ide.mcu.externaltools.gnu-tools-for-stm32.10.3-2021.10.win32_1.0.0.202111181127/tools/bin/../lib/gcc/arm-none-eabi/10.3.1/../../../../arm-none-eabi/lib/thumb/v7e-m+fp/hard\libm.a(lib_a-e_pow.o)
                              c:/st/stm32cubeide_1.8.0/stm32cubeide/plugins/com.st.stm32cube.ide.mcu.externaltools.gnu-tools-for-stm32.10.3-2021.10.win32_1.0.0.202111181127/tools/bin/../lib/gcc/arm-none-eabi/10.3.1/../../../../arm-none-eabi/lib/thumb/v7e-m+fp/hard\libm.a(lib_a-w_pow.o) (__ieee754_pow)
c:/st/stm32cubeide_1.8.0/stm32cubeide/plugins/com.st.stm32cube.ide.mcu.externaltools.gnu-tools-for-stm32.10.3-2021.10.win32_1.0.0.202111181127/tools/bin/../lib/gcc/arm-none-eabi/10.3.1/../../../../arm-none-eabi/lib/thumb/v7e-m+fp/hard\libm.a(lib_a-e_sqrt.o)
                              c:/st/stm32cubeide_1.8.0/stm32cubeide/plugins/com.st.stm32cube.ide.mcu.externaltools.gnu-tools-for-stm32.10.3-2021.10.win32_1.0.0.202111181127/tools/bin/../lib/gcc/arm-none-eabi/10.3.1/../../../../arm-none-eabi/lib/thumb/v7e-m+fp/hard\libm.a(lib_a-e_pow.o) (__ieee754_sqrt)
c:/st/stm32cubeide_1.8.0/stm32cubeide/plugins/com.st.stm32cube.ide.mcu.externaltools.gnu-tools-for-stm32.10.3-2021.10.win32_1.0.0.202111181127/tools/bin/../lib/gcc/arm-none-eabi/10.3.1/../../../../arm-none-eabi/lib/thumb/v7e-m+fp/hard\libm.a(lib_a-math_err.o)
                              c:/st/stm32cubeide_1.8.0/stm32cubeide/plugins/com.st.stm32cube.ide.mcu.externaltools.gnu-tools-for-stm32.10.3-2021.10.win32_1.0.0.202111181127/tools/bin/../lib/gcc/arm-none-eabi/10.3.1/../../../../arm-none-eabi/lib/thumb/v7e-m+fp/hard\libm.a(lib_a-e_pow.o) (__math_uflow)
[...]
Memory Configuration

Name             Origin             Length             Attributes
RAM              0x0000000020000000 0x0000000000018000 xrw
RAM2             0x0000000010000000 0x0000000000008000 xrw
FLASH            0x0000000008000000 0x0000000000100000 xr
*default*        0x0000000000000000 0xffffffffffffffff

Linker script and memory map

LOAD c:/st/stm32cubeide_1.8.0/stm32cubeide/plugins/com.st.stm32cube.ide.mcu.externaltools.gnu-tools-for-stm32.10.3-2021.10.win32_1.0.0.202111181127/tools/bin/../lib/gcc/arm-none-eabi/10.3.1/thumb/v7e-m+fp/hard/crti.o
LOAD c:/st/stm32cubeide_1.8.0/stm32cubeide/plugins/com.st.stm32cube.ide.mcu.externaltools.gnu-tools-for-stm32.10.3-2021.10.win32_1.0.0.202111181127/tools/bin/../lib/gcc/arm-none-eabi/10.3.1/thumb/v7e-m+fp/hard/crtbegin.o
LOAD c:/st/stm32cubeide_1.8.0/stm32cubeide/plugins/com.st.stm32cube.ide.mcu.externaltools.gnu-tools-for-stm32.10.3-2021.10.win32_1.0.0.202111181127/tools/bin/../lib/gcc/arm-none-eabi/10.3.1/../../../../arm-none-eabi/lib/thumb/v7e-m+fp/hard/crt0.o
LOAD ./Core/Src/freertos.o
LOAD ./Core/Src/main.o
LOAD ./Core/Src/max7219.o
LOAD ./Core/Src/max7219_matrix.o
LOAD ./Core/Src/stm32l4xx_hal_msp.o
LOAD ./Core/Src/stm32l4xx_hal_timebase_tim.o
LOAD ./Core/Src/stm32l4xx_it.o
LOAD ./Core/Src/syscalls.o
LOAD ./Core/Src/sysmem.o
LOAD ./Core/Src/system_stm32l4xx.o
LOAD ./Core/Startup/startup_stm32l476rgtx.o
LOAD ./Drivers/STM32L4xx_HAL_Driver/Src/stm32l4xx_hal.o
LOAD ./Drivers/STM32L4xx_HAL_Driver/Src/stm32l4xx_hal_cortex.o
LOAD ./Drivers/STM32L4xx_HAL_Driver/Src/stm32l4xx_hal_dma.o
LOAD ./Drivers/STM32L4xx_HAL_Driver/Src/stm32l4xx_hal_dma_ex.o
LOAD ./Drivers/STM32L4xx_HAL_Driver/Src/stm32l4xx_hal_exti.o
LOAD ./Drivers/STM32L4xx_HAL_Driver/Src/stm32l4xx_hal_flash.o
LOAD ./Drivers/STM32L4xx_HAL_Driver/Src/stm32l4xx_hal_flash_ex.o
LOAD ./Drivers/STM32L4xx_HAL_Driver/Src/stm32l4xx_hal_flash_ramfunc.o
LOAD ./Drivers/STM32L4xx_HAL_Driver/Src/stm32l4xx_hal_gpio.o
LOAD ./Drivers/STM32L4xx_HAL_Driver/Src/stm32l4xx_hal_i2c.o
LOAD ./Drivers/STM32L4xx_HAL_Driver/Src/stm32l4xx_hal_i2c_ex.o
LOAD ./Drivers/STM32L4xx_HAL_Driver/Src/stm32l4xx_hal_pwr.o
LOAD ./Drivers/STM32L4xx_HAL_Driver/Src/stm32l4xx_hal_pwr_ex.o
LOAD ./Drivers/STM32L4xx_HAL_Driver/Src/stm32l4xx_hal_rcc.o
LOAD ./Drivers/STM32L4xx_HAL_Driver/Src/stm32l4xx_hal_rcc_ex.o
LOAD ./Drivers/STM32L4xx_HAL_Driver/Src/stm32l4xx_hal_spi.o
LOAD ./Drivers/STM32L4xx_HAL_Driver/Src/stm32l4xx_hal_spi_ex.o
LOAD ./Drivers/STM32L4xx_HAL_Driver/Src/stm32l4xx_hal_tim.o
LOAD ./Drivers/STM32L4xx_HAL_Driver/Src/stm32l4xx_hal_tim_ex.o
LOAD ./Drivers/STM32L4xx_HAL_Driver/Src/stm32l4xx_hal_uart.o
LOAD ./Drivers/STM32L4xx_HAL_Driver/Src/stm32l4xx_hal_uart_ex.o
LOAD ./Middlewares/Third_Party/FreeRTOS/Source/CMSIS_RTOS_V2/cmsis_os2.o
LOAD ./Middlewares/Third_Party/FreeRTOS/Source/croutine.o
LOAD ./Middlewares/Third_Party/FreeRTOS/Source/event_groups.o
LOAD ./Middlewares/Third_Party/FreeRTOS/Source/list.o
LOAD ./Middlewares/Third_Party/FreeRTOS/Source/queue.o
LOAD ./Middlewares/Third_Party/FreeRTOS/Source/stream_buffer.o
LOAD ./Middlewares/Third_Party/FreeRTOS/Source/tasks.o
LOAD ./Middlewares/Third_Party/FreeRTOS/Source/timers.o
LOAD ./Middlewares/Third_Party/FreeRTOS/Source/portable/GCC/ARM_CM4F/port.o
LOAD ./Middlewares/Third_Party/FreeRTOS/Source/portable/MemMang/heap_4.o
START GROUP
LOAD c:/st/stm32cubeide_1.8.0/stm32cubeide/plugins/com.st.stm32cube.ide.mcu.externaltools.gnu-tools-for-stm32.10.3-2021.10.win32_1.0.0.202111181127/tools/bin/../lib/gcc/arm-none-eabi/10.3.1/../../../../arm-none-eabi/lib/thumb/v7e-m+fp/hard\libc_nano.a
LOAD c:/st/stm32cubeide_1.8.0/stm32cubeide/plugins/com.st.stm32cube.ide.mcu.externaltools.gnu-tools-for-stm32.10.3-2021.10.win32_1.0.0.202111181127/tools/bin/../lib/gcc/arm-none-eabi/10.3.1/../../../../arm-none-eabi/lib/thumb/v7e-m+fp/hard\libm.a
END GROUP
START GROUP
LOAD c:/st/stm32cubeide_1.8.0/stm32cubeide/plugins/com.st.stm32cube.ide.mcu.externaltools.gnu-tools-for-stm32.10.3-2021.10.win32_1.0.0.202111181127/tools/bin/../lib/gcc/arm-none-eabi/10.3.1/thumb/v7e-m+fp/hard\libgcc.a
LOAD c:/st/stm32cubeide_1.8.0/stm32cubeide/plugins/com.st.stm32cube.ide.mcu.externaltools.gnu-tools-for-stm32.10.3-2021.10.win32_1.0.0.202111181127/tools/bin/../lib/gcc/arm-none-eabi/10.3.1/../../../../arm-none-eabi/lib/thumb/v7e-m+fp/hard\libc_nano.a
END GROUP
START GROUP
LOAD c:/st/stm32cubeide_1.8.0/stm32cubeide/plugins/com.st.stm32cube.ide.mcu.externaltools.gnu-tools-for-stm32.10.3-2021.10.win32_1.0.0.202111181127/tools/bin/../lib/gcc/arm-none-eabi/10.3.1/thumb/v7e-m+fp/hard\libgcc.a
LOAD c:/st/stm32cubeide_1.8.0/stm32cubeide/plugins/com.st.stm32cube.ide.mcu.externaltools.gnu-tools-for-stm32.10.3-2021.10.win32_1.0.0.202111181127/tools/bin/../lib/gcc/arm-none-eabi/10.3.1/../../../../arm-none-eabi/lib/thumb/v7e-m+fp/hard\libc_nano.a
LOAD c:/st/stm32cubeide_1.8.0/stm32cubeide/plugins/com.st.stm32cube.ide.mcu.externaltools.gnu-tools-for-stm32.10.3-2021.10.win32_1.0.0.202111181127/tools/bin/../lib/gcc/arm-none-eabi/10.3.1/../../../../arm-none-eabi/lib/thumb/v7e-m+fp/hard\libnosys.a
END GROUP
START GROUP
LOAD c:/st/stm32cubeide_1.8.0/stm32cubeide/plugins/com.st.stm32cube.ide.mcu.externaltools.gnu-tools-for-stm32.10.3-2021.10.win32_1.0.0.202111181127/tools/bin/../lib/gcc/arm-none-eabi/10.3.1/thumb/v7e-m+fp/hard\libgcc.a
LOAD c:/st/stm32cubeide_1.8.0/stm32cubeide/plugins/com.st.stm32cube.ide.mcu.externaltools.gnu-tools-for-stm32.10.3-2021.10.win32_1.0.0.202111181127/tools/bin/../lib/gcc/arm-none-eabi/10.3.1/../../../../arm-none-eabi/lib/thumb/v7e-m+fp/hard\libc_nano.a
LOAD c:/st/stm32cubeide_1.8.0/stm32cubeide/plugins/com.st.stm32cube.ide.mcu.externaltools.gnu-tools-for-stm32.10.3-2021.10.win32_1.0.0.202111181127/tools/bin/../lib/gcc/arm-none-eabi/10.3.1/../../../../arm-none-eabi/lib/thumb/v7e-m+fp/hard\libnosys.a
END GROUP
LOAD c:/st/stm32cubeide_1.8.0/stm32cubeide/plugins/com.st.stm32cube.ide.mcu.externaltools.gnu-tools-for-stm32.10.3-2021.10.win32_1.0.0.202111181127/tools/bin/../lib/gcc/arm-none-eabi/10.3.1/thumb/v7e-m+fp/hard/crtend.o
LOAD c:/st/stm32cubeide_1.8.0/stm32cubeide/plugins/com.st.stm32cube.ide.mcu.externaltools.gnu-tools-for-stm32.10.3-2021.10.win32_1.0.0.202111181127/tools/bin/../lib/gcc/arm-none-eabi/10.3.1/thumb/v7e-m+fp/hard/crtn.o
                0x0000000020018000                _estack = (ORIGIN (RAM) + LENGTH (RAM))
                0x0000000000000200                _Min_Heap_Size = 0x200
                0x0000000000000400                _Min_Stack_Size = 0x400

.isr_vector     0x0000000008000000      0x188
                0x0000000008000000                . = ALIGN (0x4)
 *(.isr_vector)
 .isr_vector    0x0000000008000000      0x188 ./Core/Startup/startup_stm32l476rgtx.o
                0x0000000008000000                g_pfnVectors
                0x0000000008000188                . = ALIGN (0x4)

.text           0x0000000008000190     0x82e8
                0x0000000008000190                . = ALIGN (0x4)
 *(.text)
 .text          0x0000000008000190       0x40 c:/st/stm32cubeide_1.8.0/stm32cubeide/plugins/com.st.stm32cube.ide.mcu.externaltools.gnu-tools-for-stm32.10.3-2021.10.win32_1.0.0.202111181127/tools/bin/../lib/gcc/arm-none-eabi/10.3.1/thumb/v7e-m+fp/hard/crtbegin.o
 .text          0x00000000080001d0       0x30 c:/st/stm32cubeide_1.8.0/stm32cubeide/plugins/com.st.stm32cube.ide.mcu.externaltools.gnu-tools-for-stm32.10.3-2021.10.win32_1.0.0.202111181127/tools/bin/../lib/gcc/arm-none-eabi/10.3.1/thumb/v7e-m+fp/hard\libgcc.a(_aeabi_uldivmod.o)
                0x00000000080001d0                __aeabi_uldivmod
 .text          0x0000000008000200      0x2d0 c:/st/stm32cubeide_1.8.0/stm32cubeide/plugins/com.st.stm32cube.ide.mcu.externaltools.gnu-tools-for-stm32.10.3-2021.10.win32_1.0.0.202111181127/tools/bin/../lib/gcc/arm-none-eabi/10.3.1/thumb/v7e-m+fp/hard\libgcc.a(_udivmoddi4.o)
                0x0000000008000200                __udivmoddi4
 .text          0x00000000080004d0        0x4 c:/st/stm32cubeide_1.8.0/stm32cubeide/plugins/com.st.stm32cube.ide.mcu.externaltools.gnu-tools-for-stm32.10.3-2021.10.win32_1.0.0.202111181127/tools/bin/../lib/gcc/arm-none-eabi/10.3.1/thumb/v7e-m+fp/hard\libgcc.a(_dvmd_tls.o)
                0x00000000080004d0                __aeabi_idiv0
                0x00000000080004d0                __aeabi_ldiv0
 *(.text*)
 .text.main     0x00000000080004d4      0x244 ./Core/Src/main.o
                0x00000000080004d4                main
 .text.SystemClock_Config
                0x0000000008000718       0xa2 ./Core/Src/main.o
                0x0000000008000718                SystemClock_Config
 *fill*         0x00000000080007ba        0x2 
 .text.MX_SPI1_Init
                0x00000000080007bc       0x7c ./Core/Src/main.o
 .text.MX_USART2_UART_Init
                0x0000000008000838       0x60 ./Core/Src/main.o
 .text.MX_GPIO_Init
                0x0000000008000898      0x11c ./Core/Src/main.o
 .text.TaskPeriodical
                0x00000000080009b4       0x28 ./Core/Src/main.o
                0x00000000080009b4                TaskPeriodical
 .text.TaskInitializeBoard
                0x00000000080009dc       0xb0 ./Core/Src/main.o
                0x00000000080009dc                TaskInitializeBoard
 .text.TaskNewBlock
                0x0000000008000a8c       0xfc ./Core/Src/main.o
                0x0000000008000a8c                TaskNewBlock
 .text.TaskLost
                0x0000000008000b88      0x274 ./Core/Src/main.o
                0x0000000008000b88                TaskLost
 .text.TaskMoveRight
                0x0000000008000dfc      0x1b4 ./Core/Src/main.o
                0x0000000008000dfc                TaskMoveRight
 .text.TaskMoveLeft
                0x0000000008000fb0      0x194 ./Core/Src/main.o
                0x0000000008000fb0                TaskMoveLeft
 .text.TaskMoveDown
                0x0000000008001144      0x2a0 ./Core/Src/main.o
                0x0000000008001144                TaskMoveDown
 .text.TaskCheckRow
                0x00000000080013e4      0x288 ./Core/Src/main.o
                0x00000000080013e4                TaskCheckRow
 .text.TaskDisplayUsart
                0x000000000800166c      0x110 ./Core/Src/main.o
                0x000000000800166c                TaskDisplayUsart
 .text.TaskDisplaySPI
                0x000000000800177c       0x78 ./Core/Src/main.o
                0x000000000800177c                TaskDisplaySPI
 .text.EXTI3_IRQHandler
                0x00000000080017f4       0x48 ./Core/Src/main.o
                0x00000000080017f4                EXTI3_IRQHandler
 .text.EXTI4_IRQHandler
                0x000000000800183c       0x48 ./Core/Src/main.o
                0x000000000800183c                EXTI4_IRQHandler
 .text.EXTI9_5_IRQHandler
                0x0000000008001884       0x48 ./Core/Src/main.o
                0x0000000008001884                EXTI9_5_IRQHandler
 .text.StartDefaultTask
                0x00000000080018cc       0x10 ./Core/Src/main.o
                0x00000000080018cc                StartDefaultTask
 .text.HAL_TIM_PeriodElapsedCallback
                0x00000000080018dc       0x24 ./Core/Src/main.o
                0x00000000080018dc                HAL_TIM_PeriodElapsedCallback
 .text.Error_Handler
                0x0000000008001900        0xa ./Core/Src/main.o
                0x0000000008001900                Error_Handler
 .text.MAX7219_Write
                0x000000000800190a       0xdc ./Core/Src/max7219.o
                0x000000000800190a                MAX7219_Write
 .text.MAX7219_Digit
                0x00000000080019e6       0x50 ./Core/Src/max7219.o
                0x00000000080019e6                MAX7219_Digit
 *fill*         0x0000000008001a36        0x2 
 .text.SS_Select
                0x0000000008001a38       0x28 ./Core/Src/max7219.o
 .text.SS_Deselect
                0x0000000008001a60       0x28 ./Core/Src/max7219.o
 .text.SPI_Tx   0x0000000008001a88       0x34 ./Core/Src/max7219.o
 .text.DelayUS  0x0000000008001abc       0x50 ./Core/Src/max7219.o
 .text.MAX7219_MatrixSetRow64
                0x0000000008001b0c       0x64 ./Core/Src/max7219_matrix.o
                0x0000000008001b0c                MAX7219_MatrixSetRow64
 .text.MAX7219_MatrixUpdate
                0x0000000008001b70       0x6c ./Core/Src/max7219_matrix.o
                0x0000000008001b70                MAX7219_MatrixUpdate
 .text.HAL_MspInit
                0x0000000008001bdc       0x50 ./Core/Src/stm32l4xx_hal_msp.o
                0x0000000008001bdc                HAL_MspInit
 .text.HAL_SPI_MspInit
                0x0000000008001c2c       0x84 ./Core/Src/stm32l4xx_hal_msp.o
                0x0000000008001c2c                HAL_SPI_MspInit
 .text.HAL_UART_MspInit
                0x0000000008001cb0       0xb8 ./Core/Src/stm32l4xx_hal_msp.o
                0x0000000008001cb0                HAL_UART_MspInit
 .text.HAL_InitTick
                0x0000000008001d68       0xf4 ./Core/Src/stm32l4xx_hal_timebase_tim.o
                0x0000000008001d68                HAL_InitTick
 .text.NMI_Handler
                0x0000000008001e5c        0x6 ./Core/Src/stm32l4xx_it.o
                0x0000000008001e5c                NMI_Handler
 .text.HardFault_Handler
                0x0000000008001e62        0x6 ./Core/Src/stm32l4xx_it.o
                0x0000000008001e62                HardFault_Handler
 .text.MemManage_Handler
                0x0000000008001e68        0x6 ./Core/Src/stm32l4xx_it.o
                0x0000000008001e68                MemManage_Handler
 .text.BusFault_Handler
                0x0000000008001e6e        0x6 ./Core/Src/stm32l4xx_it.o
                0x0000000008001e6e                BusFault_Handler
 .text.UsageFault_Handler
                0x0000000008001e74        0x6 ./Core/Src/stm32l4xx_it.o
                0x0000000008001e74                UsageFault_Handler
 .text.DebugMon_Handler
                0x0000000008001e7a        0xe ./Core/Src/stm32l4xx_it.o
                0x0000000008001e7a                DebugMon_Handler
 .text.TIM7_IRQHandler
                0x0000000008001e88       0x14 ./Core/Src/stm32l4xx_it.o
                0x0000000008001e88                TIM7_IRQHandler
 .text.SystemInit
                0x0000000008001e9c       0x24 ./Core/Src/system_stm32l4xx.o
                0x0000000008001e9c                SystemInit
 .text.Reset_Handler
                0x0000000008001ec0       0x50 ./Core/Startup/startup_stm32l476rgtx.o
                0x0000000008001ec0                Reset_Handler
 .text.Default_Handler
                0x0000000008001f10        0x2 ./Core/Startup/startup_stm32l476rgtx.o
                0x0000000008001f10                RTC_Alarm_IRQHandler
                0x0000000008001f10                EXTI2_IRQHandler
                0x0000000008001f10                TIM8_TRG_COM_IRQHandler
                0x0000000008001f10                TIM8_CC_IRQHandler
                0x0000000008001f10                TIM1_CC_IRQHandler
                0x0000000008001f10                TSC_IRQHandler
                0x0000000008001f10                TAMP_STAMP_IRQHandler
                0x0000000008001f10                LPTIM2_IRQHandler
                0x0000000008001f10                DFSDM1_FLT1_IRQHandler
                0x0000000008001f10                I2C3_ER_IRQHandler
                0x0000000008001f10                DFSDM1_FLT2_IRQHandler
                0x0000000008001f10                EXTI0_IRQHandler
                0x0000000008001f10                I2C2_EV_IRQHandler
                0x0000000008001f10                CAN1_RX0_IRQHandler
                0x0000000008001f10                FPU_IRQHandler
                0x0000000008001f10                TIM1_UP_TIM16_IRQHandler
                0x0000000008001f10                ADC1_2_IRQHandler
                0x0000000008001f10                SPI1_IRQHandler
                0x0000000008001f10                TIM6_DAC_IRQHandler
                0x0000000008001f10                TIM8_UP_IRQHandler
                0x0000000008001f10                DMA2_Channel2_IRQHandler
                0x0000000008001f10                DMA1_Channel4_IRQHandler
                0x0000000008001f10                SAI2_IRQHandler
                0x0000000008001f10                DFSDM1_FLT3_IRQHandler
                0x0000000008001f10                USART3_IRQHandler
                0x0000000008001f10                DMA1_Channel7_IRQHandler
                0x0000000008001f10                CAN1_RX1_IRQHandler
                0x0000000008001f10                LCD_IRQHandler
                0x0000000008001f10                UART5_IRQHandler
                0x0000000008001f10                ADC3_IRQHandler
                0x0000000008001f10                TIM4_IRQHandler
                0x0000000008001f10                DMA2_Channel1_IRQHandler
                0x0000000008001f10                QUADSPI_IRQHandler
                0x0000000008001f10                I2C1_EV_IRQHandler
                0x0000000008001f10                DMA1_Channel6_IRQHandler
                0x0000000008001f10                UART4_IRQHandler
                0x0000000008001f10                DMA2_Channel4_IRQHandler
                0x0000000008001f10                TIM3_IRQHandler
                0x0000000008001f10                RCC_IRQHandler
                0x0000000008001f10                DMA1_Channel1_IRQHandler
                0x0000000008001f10                Default_Handler
                0x0000000008001f10                DMA2_Channel7_IRQHandler
                0x0000000008001f10                EXTI15_10_IRQHandler
                0x0000000008001f10                SDMMC1_IRQHandler
                0x0000000008001f10                TIM5_IRQHandler
                0x0000000008001f10                I2C3_EV_IRQHandler
                0x0000000008001f10                RTC_WKUP_IRQHandler
                0x0000000008001f10                PVD_PVM_IRQHandler
                0x0000000008001f10                SPI2_IRQHandler
                0x0000000008001f10                CAN1_TX_IRQHandler
                0x0000000008001f10                DMA2_Channel5_IRQHandler
                0x0000000008001f10                DMA1_Channel5_IRQHandler
                0x0000000008001f10                RNG_IRQHandler
                0x0000000008001f10                TIM1_TRG_COM_TIM17_IRQHandler
                0x0000000008001f10                DMA1_Channel3_IRQHandler
                0x0000000008001f10                COMP_IRQHandler
                0x0000000008001f10                WWDG_IRQHandler
                0x0000000008001f10                LPUART1_IRQHandler
                0x0000000008001f10                DMA2_Channel6_IRQHandler
                0x0000000008001f10                TIM2_IRQHandler
                0x0000000008001f10                EXTI1_IRQHandler
                0x0000000008001f10                USART2_IRQHandler
                0x0000000008001f10                DFSDM1_FLT0_IRQHandler
                0x0000000008001f10                I2C2_ER_IRQHandler
                0x0000000008001f10                DMA1_Channel2_IRQHandler
                0x0000000008001f10                TIM8_BRK_IRQHandler
                0x0000000008001f10                CAN1_SCE_IRQHandler
                0x0000000008001f10                FLASH_IRQHandler
                0x0000000008001f10                USART1_IRQHandler
                0x0000000008001f10                OTG_FS_IRQHandler
                0x0000000008001f10                SPI3_IRQHandler
                0x0000000008001f10                I2C1_ER_IRQHandler
                0x0000000008001f10                FMC_IRQHandler
                0x0000000008001f10                SWPMI1_IRQHandler
                0x0000000008001f10                LPTIM1_IRQHandler
                0x0000000008001f10                SAI1_IRQHandler
                0x0000000008001f10                DMA2_Channel3_IRQHandler
                0x0000000008001f10                TIM1_BRK_TIM15_IRQHandler
 *fill*         0x0000000008001f12        0x2 
 .text.HAL_Init
                0x0000000008001f14       0x40 ./Drivers/STM32L4xx_HAL_Driver/Src/stm32l4xx_hal.o
                0x0000000008001f14                HAL_Init
 .text.HAL_IncTick
                0x0000000008001f54       0x28 ./Drivers/STM32L4xx_HAL_Driver/Src/stm32l4xx_hal.o
                0x0000000008001f54                HAL_IncTick
 .text.HAL_GetTick
                0x0000000008001f7c       0x18 ./Drivers/STM32L4xx_HAL_Driver/Src/stm32l4xx_hal.o
                0x0000000008001f7c                HAL_GetTick
 .text.HAL_Delay
                0x0000000008001f94       0x48 ./Drivers/STM32L4xx_HAL_Driver/Src/stm32l4xx_hal.o
                0x0000000008001f94                HAL_Delay
 .text.__NVIC_SetPriorityGrouping
                0x0000000008001fdc       0x48 ./Drivers/STM32L4xx_HAL_Driver/Src/stm32l4xx_hal_cortex.o
 .text.__NVIC_GetPriorityGrouping
                0x0000000008002024       0x1c ./Drivers/STM32L4xx_HAL_Driver/Src/stm32l4xx_hal_cortex.o
 .text.__NVIC_EnableIRQ
                0x0000000008002040       0x3c ./Drivers/STM32L4xx_HAL_Driver/Src/stm32l4xx_hal_cortex.o
 .text.__NVIC_SetPriority
                0x000000000800207c       0x54 ./Drivers/STM32L4xx_HAL_Driver/Src/stm32l4xx_hal_cortex.o
 .text.NVIC_EncodePriority
                0x00000000080020d0       0x66 ./Drivers/STM32L4xx_HAL_Driver/Src/stm32l4xx_hal_cortex.o
 .text.HAL_NVIC_SetPriorityGrouping
                0x0000000008002136       0x16 ./Drivers/STM32L4xx_HAL_Driver/Src/stm32l4xx_hal_cortex.o
                0x0000000008002136                HAL_NVIC_SetPriorityGrouping
 .text.HAL_NVIC_SetPriority
                0x000000000800214c       0x38 ./Drivers/STM32L4xx_HAL_Driver/Src/stm32l4xx_hal_cortex.o
                0x000000000800214c                HAL_NVIC_SetPriority
 .text.HAL_NVIC_EnableIRQ
                0x0000000008002184       0x1c ./Drivers/STM32L4xx_HAL_Driver/Src/stm32l4xx_hal_cortex.o
                0x0000000008002184                HAL_NVIC_EnableIRQ
 .text.HAL_GPIO_Init
                0x00000000080021a0      0x354 ./Drivers/STM32L4xx_HAL_Driver/Src/stm32l4xx_hal_gpio.o
                0x00000000080021a0                HAL_GPIO_Init
 .text.HAL_GPIO_WritePin
                0x00000000080024f4       0x30 ./Drivers/STM32L4xx_HAL_Driver/Src/stm32l4xx_hal_gpio.o
                0x00000000080024f4                HAL_GPIO_WritePin
 .text.HAL_PWREx_GetVoltageRange
                0x0000000008002524       0x1c ./Drivers/STM32L4xx_HAL_Driver/Src/stm32l4xx_hal_pwr_ex.o
                0x0000000008002524                HAL_PWREx_GetVoltageRange
 .text.HAL_PWREx_ControlVoltageScaling
                0x0000000008002540       0xac ./Drivers/STM32L4xx_HAL_Driver/Src/stm32l4xx_hal_pwr_ex.o
                0x0000000008002540                HAL_PWREx_ControlVoltageScaling
 .text.HAL_RCC_OscConfig
                0x00000000080025ec      0x7b8 ./Drivers/STM32L4xx_HAL_Driver/Src/stm32l4xx_hal_rcc.o
                0x00000000080025ec                HAL_RCC_OscConfig
 .text.HAL_RCC_ClockConfig
                0x0000000008002da4      0x200 ./Drivers/STM32L4xx_HAL_Driver/Src/stm32l4xx_hal_rcc.o
                0x0000000008002da4                HAL_RCC_ClockConfig
 .text.HAL_RCC_GetSysClockFreq
                0x0000000008002fa4      0x118 ./Drivers/STM32L4xx_HAL_Driver/Src/stm32l4xx_hal_rcc.o
                0x0000000008002fa4                HAL_RCC_GetSysClockFreq
 .text.HAL_RCC_GetHCLKFreq
                0x00000000080030bc       0x18 ./Drivers/STM32L4xx_HAL_Driver/Src/stm32l4xx_hal_rcc.o
                0x00000000080030bc                HAL_RCC_GetHCLKFreq
 .text.HAL_RCC_GetPCLK1Freq
                0x00000000080030d4       0x2c ./Drivers/STM32L4xx_HAL_Driver/Src/stm32l4xx_hal_rcc.o
                0x00000000080030d4                HAL_RCC_GetPCLK1Freq
 .text.HAL_RCC_GetPCLK2Freq
                0x0000000008003100       0x2c ./Drivers/STM32L4xx_HAL_Driver/Src/stm32l4xx_hal_rcc.o
                0x0000000008003100                HAL_RCC_GetPCLK2Freq
 .text.HAL_RCC_GetClockConfig
                0x000000000800312c       0x64 ./Drivers/STM32L4xx_HAL_Driver/Src/stm32l4xx_hal_rcc.o
                0x000000000800312c                HAL_RCC_GetClockConfig
 .text.RCC_SetFlashLatencyFromMSIRange
                0x0000000008003190       0xc0 ./Drivers/STM32L4xx_HAL_Driver/Src/stm32l4xx_hal_rcc.o
 .text.HAL_RCCEx_PeriphCLKConfig
                0x0000000008003250      0x5d4 ./Drivers/STM32L4xx_HAL_Driver/Src/stm32l4xx_hal_rcc_ex.o
                0x0000000008003250                HAL_RCCEx_PeriphCLKConfig
 .text.RCCEx_PLLSAI1_Config
                0x0000000008003824      0x1e8 ./Drivers/STM32L4xx_HAL_Driver/Src/stm32l4xx_hal_rcc_ex.o
 .text.RCCEx_PLLSAI2_Config
                0x0000000008003a0c      0x1bc ./Drivers/STM32L4xx_HAL_Driver/Src/stm32l4xx_hal_rcc_ex.o
 .text.HAL_SPI_Init
                0x0000000008003bc8      0x146 ./Drivers/STM32L4xx_HAL_Driver/Src/stm32l4xx_hal_spi.o
                0x0000000008003bc8                HAL_SPI_Init
 .text.HAL_SPI_Transmit
                0x0000000008003d0e      0x2dc ./Drivers/STM32L4xx_HAL_Driver/Src/stm32l4xx_hal_spi.o
                0x0000000008003d0e                HAL_SPI_Transmit
 *fill*         0x0000000008003fea        0x2 
 .text.SPI_WaitFlagStateUntilTimeout
                0x0000000008003fec      0x110 ./Drivers/STM32L4xx_HAL_Driver/Src/stm32l4xx_hal_spi.o
 .text.SPI_WaitFifoStateUntilTimeout
                0x00000000080040fc      0x12c ./Drivers/STM32L4xx_HAL_Driver/Src/stm32l4xx_hal_spi.o
 .text.SPI_EndRxTxTransaction
                0x0000000008004228       0x8c ./Drivers/STM32L4xx_HAL_Driver/Src/stm32l4xx_hal_spi.o
 .text.HAL_TIM_Base_Init
                0x00000000080042b4       0xae ./Drivers/STM32L4xx_HAL_Driver/Src/stm32l4xx_hal_tim.o
                0x00000000080042b4                HAL_TIM_Base_Init
 .text.HAL_TIM_Base_MspInit
                0x0000000008004362       0x14 ./Drivers/STM32L4xx_HAL_Driver/Src/stm32l4xx_hal_tim.o
                0x0000000008004362                HAL_TIM_Base_MspInit
 *fill*         0x0000000008004376        0x2 
 .text.HAL_TIM_Base_Start_IT
                0x0000000008004378       0xe0 ./Drivers/STM32L4xx_HAL_Driver/Src/stm32l4xx_hal_tim.o
                0x0000000008004378                HAL_TIM_Base_Start_IT
 .text.HAL_TIM_IRQHandler
                0x0000000008004458      0x23e ./Drivers/STM32L4xx_HAL_Driver/Src/stm32l4xx_hal_tim.o
                0x0000000008004458                HAL_TIM_IRQHandler
 .text.HAL_TIM_OC_DelayElapsedCallback
                0x0000000008004696       0x14 ./Drivers/STM32L4xx_HAL_Driver/Src/stm32l4xx_hal_tim.o
                0x0000000008004696                HAL_TIM_OC_DelayElapsedCallback
 .text.HAL_TIM_IC_CaptureCallback
                0x00000000080046aa       0x14 ./Drivers/STM32L4xx_HAL_Driver/Src/stm32l4xx_hal_tim.o
                0x00000000080046aa                HAL_TIM_IC_CaptureCallback
 .text.HAL_TIM_PWM_PulseFinishedCallback
                0x00000000080046be       0x14 ./Drivers/STM32L4xx_HAL_Driver/Src/stm32l4xx_hal_tim.o
                0x00000000080046be                HAL_TIM_PWM_PulseFinishedCallback
 .text.HAL_TIM_TriggerCallback
                0x00000000080046d2       0x14 ./Drivers/STM32L4xx_HAL_Driver/Src/stm32l4xx_hal_tim.o
                0x00000000080046d2                HAL_TIM_TriggerCallback
 *fill*         0x00000000080046e6        0x2 
 .text.TIM_Base_SetConfig
                0x00000000080046e8      0x134 ./Drivers/STM32L4xx_HAL_Driver/Src/stm32l4xx_hal_tim.o
                0x00000000080046e8                TIM_Base_SetConfig
 .text.HAL_TIMEx_CommutCallback
                0x000000000800481c       0x14 ./Drivers/STM32L4xx_HAL_Driver/Src/stm32l4xx_hal_tim_ex.o
                0x000000000800481c                HAL_TIMEx_CommutCallback
 .text.HAL_TIMEx_BreakCallback
                0x0000000008004830       0x14 ./Drivers/STM32L4xx_HAL_Driver/Src/stm32l4xx_hal_tim_ex.o
                0x0000000008004830                HAL_TIMEx_BreakCallback
 .text.HAL_TIMEx_Break2Callback
                0x0000000008004844       0x14 ./Drivers/STM32L4xx_HAL_Driver/Src/stm32l4xx_hal_tim_ex.o
                0x0000000008004844                HAL_TIMEx_Break2Callback
 .text.HAL_UART_Init
                0x0000000008004858       0x9c ./Drivers/STM32L4xx_HAL_Driver/Src/stm32l4xx_hal_uart.o
                0x0000000008004858                HAL_UART_Init
 .text.HAL_UART_Transmit
                0x00000000080048f4      0x128 ./Drivers/STM32L4xx_HAL_Driver/Src/stm32l4xx_hal_uart.o
                0x00000000080048f4                HAL_UART_Transmit
 .text.UART_SetConfig
                0x0000000008004a1c      0x570 ./Drivers/STM32L4xx_HAL_Driver/Src/stm32l4xx_hal_uart.o
                0x0000000008004a1c                UART_SetConfig
 .text.UART_AdvFeatureConfig
                0x0000000008004f8c      0x144 ./Drivers/STM32L4xx_HAL_Driver/Src/stm32l4xx_hal_uart.o
                0x0000000008004f8c                UART_AdvFeatureConfig
 .text.UART_CheckIdleState
                0x00000000080050d0       0x92 ./Drivers/STM32L4xx_HAL_Driver/Src/stm32l4xx_hal_uart.o
                0x00000000080050d0                UART_CheckIdleState
 .text.UART_WaitOnFlagUntilTimeout
                0x0000000008005162      0x188 ./Drivers/STM32L4xx_HAL_Driver/Src/stm32l4xx_hal_uart.o
                0x0000000008005162                UART_WaitOnFlagUntilTimeout
 *fill*         0x00000000080052ea        0x2 
 .text.__NVIC_SetPriority
                0x00000000080052ec       0x54 ./Middlewares/Third_Party/FreeRTOS/Source/CMSIS_RTOS_V2/cmsis_os2.o
 .text.SysTick_Handler
                0x0000000008005340       0x20 ./Middlewares/Third_Party/FreeRTOS/Source/CMSIS_RTOS_V2/cmsis_os2.o
                0x0000000008005340                SysTick_Handler
 .text.SVC_Setup
                0x0000000008005360       0x12 ./Middlewares/Third_Party/FreeRTOS/Source/CMSIS_RTOS_V2/cmsis_os2.o
 *fill*         0x0000000008005372        0x2 
 .text.osKernelInitialize
                0x0000000008005374       0x48 ./Middlewares/Third_Party/FreeRTOS/Source/CMSIS_RTOS_V2/cmsis_os2.o
                0x0000000008005374                osKernelInitialize
 .text.osKernelStart
                0x00000000080053bc       0x4c ./Middlewares/Third_Party/FreeRTOS/Source/CMSIS_RTOS_V2/cmsis_os2.o
                0x00000000080053bc                osKernelStart
 .text.osThreadNew
                0x0000000008005408      0x124 ./Middlewares/Third_Party/FreeRTOS/Source/CMSIS_RTOS_V2/cmsis_os2.o
                0x0000000008005408                osThreadNew
 .text.osDelay  0x000000000800552c       0x36 ./Middlewares/Third_Party/FreeRTOS/Source/CMSIS_RTOS_V2/cmsis_os2.o
                0x000000000800552c                osDelay
 *fill*         0x0000000008005562        0x2 
 .text.vApplicationGetIdleTaskMemory
                0x0000000008005564       0x34 ./Middlewares/Third_Party/FreeRTOS/Source/CMSIS_RTOS_V2/cmsis_os2.o
                0x0000000008005564                vApplicationGetIdleTaskMemory
 .text.vApplicationGetTimerTaskMemory
                0x0000000008005598       0x34 ./Middlewares/Third_Party/FreeRTOS/Source/CMSIS_RTOS_V2/cmsis_os2.o
                0x0000000008005598                vApplicationGetTimerTaskMemory
 .text.vListInitialise
                0x00000000080055cc       0x40 ./Middlewares/Third_Party/FreeRTOS/Source/list.o
                0x00000000080055cc                vListInitialise
 .text.vListInitialiseItem
                0x000000000800560c       0x1a ./Middlewares/Third_Party/FreeRTOS/Source/list.o
                0x000000000800560c                vListInitialiseItem
 .text.vListInsertEnd
                0x0000000008005626       0x48 ./Middlewares/Third_Party/FreeRTOS/Source/list.o
                0x0000000008005626                vListInsertEnd
 .text.vListInsert
                0x000000000800566e       0x72 ./Middlewares/Third_Party/FreeRTOS/Source/list.o
                0x000000000800566e                vListInsert
 .text.uxListRemove
                0x00000000080056e0       0x54 ./Middlewares/Third_Party/FreeRTOS/Source/list.o
                0x00000000080056e0                uxListRemove
 .text.xQueueGenericReset
                0x0000000008005734       0xd0 ./Middlewares/Third_Party/FreeRTOS/Source/queue.o
                0x0000000008005734                xQueueGenericReset
 .text.xQueueGenericCreateStatic
                0x0000000008005804       0xf0 ./Middlewares/Third_Party/FreeRTOS/Source/queue.o
                0x0000000008005804                xQueueGenericCreateStatic
 .text.xQueueGenericCreate
                0x00000000080058f4       0x74 ./Middlewares/Third_Party/FreeRTOS/Source/queue.o
                0x00000000080058f4                xQueueGenericCreate
 .text.prvInitialiseNewQueue
                0x0000000008005968       0x46 ./Middlewares/Third_Party/FreeRTOS/Source/queue.o
 *fill*         0x00000000080059ae        0x2 
 .text.xQueueGenericSend
                0x00000000080059b0      0x1fc ./Middlewares/Third_Party/FreeRTOS/Source/queue.o
                0x00000000080059b0                xQueueGenericSend
 .text.xQueueGenericSendFromISR
                0x0000000008005bac      0x136 ./Middlewares/Third_Party/FreeRTOS/Source/queue.o
                0x0000000008005bac                xQueueGenericSendFromISR
 .text.xQueueGiveFromISR
                0x0000000008005ce2      0x11a ./Middlewares/Third_Party/FreeRTOS/Source/queue.o
                0x0000000008005ce2                xQueueGiveFromISR
 .text.xQueueReceive
                0x0000000008005dfc      0x1c0 ./Middlewares/Third_Party/FreeRTOS/Source/queue.o
                0x0000000008005dfc                xQueueReceive
 .text.xQueueSemaphoreTake
                0x0000000008005fbc      0x218 ./Middlewares/Third_Party/FreeRTOS/Source/queue.o
                0x0000000008005fbc                xQueueSemaphoreTake
 .text.prvGetDisinheritPriorityAfterTimeout
                0x00000000080061d4       0x30 ./Middlewares/Third_Party/FreeRTOS/Source/queue.o
 .text.prvCopyDataToQueue
                0x0000000008006204       0xd4 ./Middlewares/Third_Party/FreeRTOS/Source/queue.o
 .text.prvCopyDataFromQueue
                0x00000000080062d8       0x4c ./Middlewares/Third_Party/FreeRTOS/Source/queue.o
 .text.prvUnlockQueue
                0x0000000008006324       0xa4 ./Middlewares/Third_Party/FreeRTOS/Source/queue.o
 .text.prvIsQueueEmpty
                0x00000000080063c8       0x2c ./Middlewares/Third_Party/FreeRTOS/Source/queue.o
 .text.prvIsQueueFull
                0x00000000080063f4       0x30 ./Middlewares/Third_Party/FreeRTOS/Source/queue.o
 .text.vQueueAddToRegistry
                0x0000000008006424       0x54 ./Middlewares/Third_Party/FreeRTOS/Source/queue.o
                0x0000000008006424                vQueueAddToRegistry
 .text.vQueueWaitForMessageRestricted
                0x0000000008006478       0x68 ./Middlewares/Third_Party/FreeRTOS/Source/queue.o
                0x0000000008006478                vQueueWaitForMessageRestricted
 .text.xTaskCreateStatic
                0x00000000080064e0       0xba ./Middlewares/Third_Party/FreeRTOS/Source/tasks.o
                0x00000000080064e0                xTaskCreateStatic
 .text.xTaskCreate
                0x000000000800659a       0x8a ./Middlewares/Third_Party/FreeRTOS/Source/tasks.o
                0x000000000800659a                xTaskCreate
 .text.prvInitialiseNewTask
                0x0000000008006624      0x11e ./Middlewares/Third_Party/FreeRTOS/Source/tasks.o
 *fill*         0x0000000008006742        0x2 
 .text.prvAddNewTaskToReadyList
                0x0000000008006744       0xe0 ./Middlewares/Third_Party/FreeRTOS/Source/tasks.o
 .text.vTaskDelay
                0x0000000008006824       0x68 ./Middlewares/Third_Party/FreeRTOS/Source/tasks.o
                0x0000000008006824                vTaskDelay
 .text.vTaskStartScheduler
                0x000000000800688c       0xcc ./Middlewares/Third_Party/FreeRTOS/Source/tasks.o
                0x000000000800688c                vTaskStartScheduler
 .text.vTaskSuspendAll
                0x0000000008006958       0x1c ./Middlewares/Third_Party/FreeRTOS/Source/tasks.o
                0x0000000008006958                vTaskSuspendAll
 .text.xTaskResumeAll
                0x0000000008006974      0x13c ./Middlewares/Third_Party/FreeRTOS/Source/tasks.o
                0x0000000008006974                xTaskResumeAll
 .text.xTaskGetTickCount
                0x0000000008006ab0       0x20 ./Middlewares/Third_Party/FreeRTOS/Source/tasks.o
                0x0000000008006ab0                xTaskGetTickCount
 .text.xTaskIncrementTick
                0x0000000008006ad0      0x174 ./Middlewares/Third_Party/FreeRTOS/Source/tasks.o
                0x0000000008006ad0                xTaskIncrementTick
 .text.vTaskSwitchContext
                0x0000000008006c44       0xbc ./Middlewares/Third_Party/FreeRTOS/Source/tasks.o
                0x0000000008006c44                vTaskSwitchContext
 .text.vTaskPlaceOnEventList
                0x0000000008006d00       0x48 ./Middlewares/Third_Party/FreeRTOS/Source/tasks.o
                0x0000000008006d00                vTaskPlaceOnEventList
 .text.vTaskPlaceOnEventListRestricted
                0x0000000008006d48       0x58 ./Middlewares/Third_Party/FreeRTOS/Source/tasks.o
                0x0000000008006d48                vTaskPlaceOnEventListRestricted
 .text.xTaskRemoveFromEventList
                0x0000000008006da0       0xc8 ./Middlewares/Third_Party/FreeRTOS/Source/tasks.o
                0x0000000008006da0                xTaskRemoveFromEventList
 .text.vTaskInternalSetTimeOutState
                0x0000000008006e68       0x2c ./Middlewares/Third_Party/FreeRTOS/Source/tasks.o
                0x0000000008006e68                vTaskInternalSetTimeOutState
 .text.xTaskCheckForTimeOut
                0x0000000008006e94       0xc4 ./Middlewares/Third_Party/FreeRTOS/Source/tasks.o
                0x0000000008006e94                xTaskCheckForTimeOut
 .text.vTaskMissedYield
                0x0000000008006f58       0x18 ./Middlewares/Third_Party/FreeRTOS/Source/tasks.o
                0x0000000008006f58                vTaskMissedYield
 .text.prvIdleTask
                0x0000000008006f70       0x30 ./Middlewares/Third_Party/FreeRTOS/Source/tasks.o
 .text.prvInitialiseTaskLists
                0x0000000008006fa0       0x80 ./Middlewares/Third_Party/FreeRTOS/Source/tasks.o
 .text.prvCheckTasksWaitingTermination
                0x0000000008007020       0x5c ./Middlewares/Third_Party/FreeRTOS/Source/tasks.o
 .text.prvDeleteTCB
                0x000000000800707c       0x5e ./Middlewares/Third_Party/FreeRTOS/Source/tasks.o
 *fill*         0x00000000080070da        0x2 
 .text.prvResetNextTaskUnblockTime
                0x00000000080070dc       0x40 ./Middlewares/Third_Party/FreeRTOS/Source/tasks.o
 .text.xTaskGetSchedulerState
                0x000000000800711c       0x3c ./Middlewares/Third_Party/FreeRTOS/Source/tasks.o
                0x000000000800711c                xTaskGetSchedulerState
 .text.xTaskPriorityInherit
                0x0000000008007158       0xd0 ./Middlewares/Third_Party/FreeRTOS/Source/tasks.o
                0x0000000008007158                xTaskPriorityInherit
 .text.xTaskPriorityDisinherit
                0x0000000008007228       0xdc ./Middlewares/Third_Party/FreeRTOS/Source/tasks.o
                0x0000000008007228                xTaskPriorityDisinherit
 .text.vTaskPriorityDisinheritAfterTimeout
                0x0000000008007304      0x104 ./Middlewares/Third_Party/FreeRTOS/Source/tasks.o
                0x0000000008007304                vTaskPriorityDisinheritAfterTimeout
 .text.pvTaskIncrementMutexHeldCount
                0x0000000008007408       0x28 ./Middlewares/Third_Party/FreeRTOS/Source/tasks.o
                0x0000000008007408                pvTaskIncrementMutexHeldCount
 .text.prvAddCurrentTaskToDelayedList
                0x0000000008007430       0xa8 ./Middlewares/Third_Party/FreeRTOS/Source/tasks.o
 .text.xTimerCreateTimerTask
                0x00000000080074d8       0x90 ./Middlewares/Third_Party/FreeRTOS/Source/timers.o
                0x00000000080074d8                xTimerCreateTimerTask
 .text.xTimerGenericCommand
                0x0000000008007568       0x9c ./Middlewares/Third_Party/FreeRTOS/Source/timers.o
                0x0000000008007568                xTimerGenericCommand
 .text.prvProcessExpiredTimer
                0x0000000008007604       0x98 ./Middlewares/Third_Party/FreeRTOS/Source/timers.o
 .text.prvTimerTask
                0x000000000800769c       0x24 ./Middlewares/Third_Party/FreeRTOS/Source/timers.o
 .text.prvProcessTimerOrBlockTask
                0x00000000080076c0       0x9c ./Middlewares/Third_Party/FreeRTOS/Source/timers.o
 .text.prvGetNextExpireTime
                0x000000000800775c       0x48 ./Middlewares/Third_Party/FreeRTOS/Source/timers.o
 .text.prvSampleTimeNow
                0x00000000080077a4       0x40 ./Middlewares/Third_Party/FreeRTOS/Source/timers.o
 .text.prvInsertTimerInActiveList
                0x00000000080077e4       0x84 ./Middlewares/Third_Party/FreeRTOS/Source/timers.o
 .text.prvProcessReceivedCommands
                0x0000000008007868      0x1c4 ./Middlewares/Third_Party/FreeRTOS/Source/timers.o
 .text.prvSwitchTimerLists
                0x0000000008007a2c       0xc8 ./Middlewares/Third_Party/FreeRTOS/Source/timers.o
 .text.prvCheckForValidListAndQueue
                0x0000000008007af4       0x80 ./Middlewares/Third_Party/FreeRTOS/Source/timers.o
 .text.pxPortInitialiseStack
                0x0000000008007b74       0x68 ./Middlewares/Third_Party/FreeRTOS/Source/portable/GCC/ARM_CM4F/port.o
                0x0000000008007b74                pxPortInitialiseStack
 .text.prvTaskExitError
                0x0000000008007bdc       0x58 ./Middlewares/Third_Party/FreeRTOS/Source/portable/GCC/ARM_CM4F/port.o
 *fill*         0x0000000008007c34        0xc 
 .text.SVC_Handler
                0x0000000008007c40       0x28 ./Middlewares/Third_Party/FreeRTOS/Source/portable/GCC/ARM_CM4F/port.o
                0x0000000008007c40                SVC_Handler
 .text.prvPortStartFirstTask
                0x0000000008007c68       0x28 ./Middlewares/Third_Party/FreeRTOS/Source/portable/GCC/ARM_CM4F/port.o
 .text.xPortStartScheduler
                0x0000000008007c90      0x144 ./Middlewares/Third_Party/FreeRTOS/Source/portable/GCC/ARM_CM4F/port.o
                0x0000000008007c90                xPortStartScheduler
 .text.vPortEnterCritical
                0x0000000008007dd4       0x60 ./Middlewares/Third_Party/FreeRTOS/Source/portable/GCC/ARM_CM4F/port.o
                0x0000000008007dd4                vPortEnterCritical
 .text.vPortExitCritical
                0x0000000008007e34       0x54 ./Middlewares/Third_Party/FreeRTOS/Source/portable/GCC/ARM_CM4F/port.o
                0x0000000008007e34                vPortExitCritical
 *fill*         0x0000000008007e88        0x8 
 .text.PendSV_Handler
                0x0000000008007e90       0x68 ./Middlewares/Third_Party/FreeRTOS/Source/portable/GCC/ARM_CM4F/port.o
                0x0000000008007e90                PendSV_Handler
 .text.xPortSysTickHandler
                0x0000000008007ef8       0x44 ./Middlewares/Third_Party/FreeRTOS/Source/portable/GCC/ARM_CM4F/port.o
                0x0000000008007ef8                xPortSysTickHandler
 .text.vPortSetupTimerInterrupt
                0x0000000008007f3c       0x48 ./Middlewares/Third_Party/FreeRTOS/Source/portable/GCC/ARM_CM4F/port.o
                0x0000000008007f3c                vPortSetupTimerInterrupt
 .text.vPortEnableVFP
                0x0000000008007f84       0x14 ./Middlewares/Third_Party/FreeRTOS/Source/portable/GCC/ARM_CM4F/port.o
 .text.vPortValidateInterruptPriority
                0x0000000008007f98       0x80 ./Middlewares/Third_Party/FreeRTOS/Source/portable/GCC/ARM_CM4F/port.o
                0x0000000008007f98                vPortValidateInterruptPriority
 .text.pvPortMalloc
                0x0000000008008018      0x198 ./Middlewares/Third_Party/FreeRTOS/Source/portable/MemMang/heap_4.o
                0x0000000008008018                pvPortMalloc
 .text.vPortFree
                0x00000000080081b0       0xc4 ./Middlewares/Third_Party/FreeRTOS/Source/portable/MemMang/heap_4.o
                0x00000000080081b0                vPortFree
 .text.prvHeapInit
                0x0000000008008274       0xc4 ./Middlewares/Third_Party/FreeRTOS/Source/portable/MemMang/heap_4.o
 .text.prvInsertBlockIntoFreeList
                0x0000000008008338       0xb4 ./Middlewares/Third_Party/FreeRTOS/Source/portable/MemMang/heap_4.o
 .text.__libc_init_array
                0x00000000080083ec       0x48 c:/st/stm32cubeide_1.8.0/stm32cubeide/plugins/com.st.stm32cube.ide.mcu.externaltools.gnu-tools-for-stm32.10.3-2021.10.win32_1.0.0.202111181127/tools/bin/../lib/gcc/arm-none-eabi/10.3.1/../../../../arm-none-eabi/lib/thumb/v7e-m+fp/hard\libc_nano.a(lib_a-init.o)
                0x00000000080083ec                __libc_init_array
 .text.memcpy   0x0000000008008434       0x1c c:/st/stm32cubeide_1.8.0/stm32cubeide/plugins/com.st.stm32cube.ide.mcu.externaltools.gnu-tools-for-stm32.10.3-2021.10.win32_1.0.0.202111181127/tools/bin/../lib/gcc/arm-none-eabi/10.3.1/../../../../arm-none-eabi/lib/thumb/v7e-m+fp/hard\libc_nano.a(lib_a-memcpy-stub.o)
                0x0000000008008434                memcpy
 .text.memset   0x0000000008008450       0x10 c:/st/stm32cubeide_1.8.0/stm32cubeide/plugins/com.st.stm32cube.ide.mcu.externaltools.gnu-tools-for-stm32.10.3-2021.10.win32_1.0.0.202111181127/tools/bin/../lib/gcc/arm-none-eabi/10.3.1/../../../../arm-none-eabi/lib/thumb/v7e-m+fp/hard\libc_nano.a(lib_a-memset.o)
                0x0000000008008450                memset
 *(.glue_7)
 .glue_7        0x0000000008008460        0x0 linker stubs
 *(.glue_7t)
 .glue_7t       0x0000000008008460        0x0 linker stubs
 *(.eh_frame)
 .eh_frame      0x0000000008008460        0x0 c:/st/stm32cubeide_1.8.0/stm32cubeide/plugins/com.st.stm32cube.ide.mcu.externaltools.gnu-tools-for-stm32.10.3-2021.10.win32_1.0.0.202111181127/tools/bin/../lib/gcc/arm-none-eabi/10.3.1/thumb/v7e-m+fp/hard/crtbegin.o
 *(.init)
 .init          0x0000000008008460        0x4 c:/st/stm32cubeide_1.8.0/stm32cubeide/plugins/com.st.stm32cube.ide.mcu.externaltools.gnu-tools-for-stm32.10.3-2021.10.win32_1.0.0.202111181127/tools/bin/../lib/gcc/arm-none-eabi/10.3.1/thumb/v7e-m+fp/hard/crti.o
                0x0000000008008460                _init
 .init          0x0000000008008464        0x8 c:/st/stm32cubeide_1.8.0/stm32cubeide/plugins/com.st.stm32cube.ide.mcu.externaltools.gnu-tools-for-stm32.10.3-2021.10.win32_1.0.0.202111181127/tools/bin/../lib/gcc/arm-none-eabi/10.3.1/thumb/v7e-m+fp/hard/crtn.o
 *(.fini)
 .fini          0x000000000800846c        0x4 c:/st/stm32cubeide_1.8.0/stm32cubeide/plugins/com.st.stm32cube.ide.mcu.externaltools.gnu-tools-for-stm32.10.3-2021.10.win32_1.0.0.202111181127/tools/bin/../lib/gcc/arm-none-eabi/10.3.1/thumb/v7e-m+fp/hard/crti.o
                0x000000000800846c                _fini
 .fini          0x0000000008008470        0x8 c:/st/stm32cubeide_1.8.0/stm32cubeide/plugins/com.st.stm32cube.ide.mcu.externaltools.gnu-tools-for-stm32.10.3-2021.10.win32_1.0.0.202111181127/tools/bin/../lib/gcc/arm-none-eabi/10.3.1/thumb/v7e-m+fp/hard/crtn.o
                0x0000000008008478                . = ALIGN (0x4)
                0x0000000008008478                _etext = .

.vfp11_veneer   0x0000000008008478        0x0
 .vfp11_veneer  0x0000000008008478        0x0 linker stubs

.v4_bx          0x0000000008008478        0x0
 .v4_bx         0x0000000008008478        0x0 linker stubs

.iplt           0x0000000008008478        0x0
 .iplt          0x0000000008008478        0x0 c:/st/stm32cubeide_1.8.0/stm32cubeide/plugins/com.st.stm32cube.ide.mcu.externaltools.gnu-tools-for-stm32.10.3-2021.10.win32_1.0.0.202111181127/tools/bin/../lib/gcc/arm-none-eabi/10.3.1/thumb/v7e-m+fp/hard/crtbegin.o

.rodata         0x0000000008008478      0x300
                0x0000000008008478                . = ALIGN (0x4)
 *(.rodata)
 .rodata        0x0000000008008478       0xce ./Core/Src/main.o
 *fill*         0x0000000008008546        0x2 
 .rodata        0x0000000008008548        0x5 ./Middlewares/Third_Party/FreeRTOS/Source/tasks.o
 *fill*         0x000000000800854d        0x3 
 .rodata        0x0000000008008550        0xd ./Middlewares/Third_Party/FreeRTOS/Source/timers.o
 *(.rodata*)
 *fill*         0x000000000800855d        0x3 
 .rodata.defaultTask_attributes
                0x0000000008008560       0x24 ./Core/Src/main.o
                0x0000000008008560                defaultTask_attributes
 *fill*         0x0000000008008584        0x4 
 .rodata.Atoz   0x0000000008008588      0x1a8 ./Core/Src/max7219_matrix.o
                0x0000000008008588                Atoz
 .rodata.AHBPrescTable
                0x0000000008008730       0x10 ./Core/Src/system_stm32l4xx.o
                0x0000000008008730                AHBPrescTable
 .rodata.APBPrescTable
                0x0000000008008740        0x8 ./Core/Src/system_stm32l4xx.o
                0x0000000008008740                APBPrescTable
 .rodata.MSIRangeTable
                0x0000000008008748       0x30 ./Core/Src/system_stm32l4xx.o
                0x0000000008008748                MSIRangeTable
                0x0000000008008778                . = ALIGN (0x4)

.ARM.extab      0x0000000008008778        0x0
                0x0000000008008778                . = ALIGN (0x4)
 *(.ARM.extab* .gnu.linkonce.armextab.*)
                0x0000000008008778                . = ALIGN (0x4)

.ARM            0x0000000008008778        0x8
                0x0000000008008778                . = ALIGN (0x4)
                0x0000000008008778                __exidx_start = .
 *(.ARM.exidx*)
 .ARM.exidx     0x0000000008008778        0x8 c:/st/stm32cubeide_1.8.0/stm32cubeide/plugins/com.st.stm32cube.ide.mcu.externaltools.gnu-tools-for-stm32.10.3-2021.10.win32_1.0.0.202111181127/tools/bin/../lib/gcc/arm-none-eabi/10.3.1/thumb/v7e-m+fp/hard\libgcc.a(_udivmoddi4.o)
                0x0000000008008780                __exidx_end = .
                0x0000000008008780                . = ALIGN (0x4)

.rel.dyn        0x0000000008008780        0x0
 .rel.iplt      0x0000000008008780        0x0 c:/st/stm32cubeide_1.8.0/stm32cubeide/plugins/com.st.stm32cube.ide.mcu.externaltools.gnu-tools-for-stm32.10.3-2021.10.win32_1.0.0.202111181127/tools/bin/../lib/gcc/arm-none-eabi/10.3.1/thumb/v7e-m+fp/hard/crtbegin.o

.preinit_array  0x0000000008008780        0x0
                0x0000000008008780                . = ALIGN (0x4)
                0x0000000008008780                PROVIDE (__preinit_array_start = .)
 *(.preinit_array*)
                0x0000000008008780                PROVIDE (__preinit_array_end = .)
                0x0000000008008780                . = ALIGN (0x4)

.init_array     0x0000000008008780        0x4
                0x0000000008008780                . = ALIGN (0x4)
                0x0000000008008780                PROVIDE (__init_array_start = .)
 *(SORT_BY_NAME(.init_array.*))
 *(.init_array*)
 .init_array    0x0000000008008780        0x4 c:/st/stm32cubeide_1.8.0/stm32cubeide/plugins/com.st.stm32cube.ide.mcu.externaltools.gnu-tools-for-stm32.10.3-2021.10.win32_1.0.0.202111181127/tools/bin/../lib/gcc/arm-none-eabi/10.3.1/thumb/v7e-m+fp/hard/crtbegin.o
                0x0000000008008784                PROVIDE (__init_array_end = .)
                0x0000000008008784                . = ALIGN (0x4)

.fini_array     0x0000000008008784        0x4
                0x0000000008008784                . = ALIGN (0x4)
                [!provide]                        PROVIDE (__fini_array_start = .)
 *(SORT_BY_NAME(.fini_array.*))
 *(.fini_array*)
 .fini_array    0x0000000008008784        0x4 c:/st/stm32cubeide_1.8.0/stm32cubeide/plugins/com.st.stm32cube.ide.mcu.externaltools.gnu-tools-for-stm32.10.3-2021.10.win32_1.0.0.202111181127/tools/bin/../lib/gcc/arm-none-eabi/10.3.1/thumb/v7e-m+fp/hard/crtbegin.o
                [!provide]                        PROVIDE (__fini_array_end = .)
                0x0000000008008788                . = ALIGN (0x4)
                0x0000000008008788                _sidata = LOADADDR (.data)

.data           0x0000000020000000       0x10 load address 0x0000000008008788
                0x0000000020000000                . = ALIGN (0x4)
                0x0000000020000000                _sdata = .
 *(.data)
 *(.data*)
 .data.SystemCoreClock
                0x0000000020000000        0x4 ./Core/Src/system_stm32l4xx.o
                0x0000000020000000                SystemCoreClock
 .data.uwTickPrio
                0x0000000020000004        0x4 ./Drivers/STM32L4xx_HAL_Driver/Src/stm32l4xx_hal.o
                0x0000000020000004                uwTickPrio
 .data.uwTickFreq
                0x0000000020000008        0x1 ./Drivers/STM32L4xx_HAL_Driver/Src/stm32l4xx_hal.o
                0x0000000020000008                uwTickFreq
 *fill*         0x0000000020000009        0x3 
 .data.uxCriticalNesting
                0x000000002000000c        0x4 ./Middlewares/Third_Party/FreeRTOS/Source/portable/GCC/ARM_CM4F/port.o
 *(.RamFunc)
 *(.RamFunc*)
                0x0000000020000010                . = ALIGN (0x4)
                0x0000000020000010                _edata = .

.igot.plt       0x0000000020000010        0x0 load address 0x0000000008008798
 .igot.plt      0x0000000020000010        0x0 c:/st/stm32cubeide_1.8.0/stm32cubeide/plugins/com.st.stm32cube.ide.mcu.externaltools.gnu-tools-for-stm32.10.3-2021.10.win32_1.0.0.202111181127/tools/bin/../lib/gcc/arm-none-eabi/10.3.1/thumb/v7e-m+fp/hard/crtbegin.o
                0x0000000020000010                . = ALIGN (0x4)

.bss            0x0000000020000010     0x8be8 load address 0x0000000008008798
                0x0000000020000010                _sbss = .
                0x0000000020000010                __bss_start__ = _sbss
 *(.bss)
 .bss           0x0000000020000010       0x1c c:/st/stm32cubeide_1.8.0/stm32cubeide/plugins/com.st.stm32cube.ide.mcu.externaltools.gnu-tools-for-stm32.10.3-2021.10.win32_1.0.0.202111181127/tools/bin/../lib/gcc/arm-none-eabi/10.3.1/thumb/v7e-m+fp/hard/crtbegin.o
 *(.bss*)
 .bss.hspi1     0x000000002000002c       0x64 ./Core/Src/main.o
                0x000000002000002c                hspi1
 .bss.huart2    0x0000000020000090       0x84 ./Core/Src/main.o
                0x0000000020000090                huart2
 .bss.defaultTaskHandle
                0x0000000020000114        0x4 ./Core/Src/main.o
                0x0000000020000114                defaultTaskHandle
 .bss.buttonA   0x0000000020000118        0x4 ./Core/Src/main.o
                0x0000000020000118                buttonA
 .bss.buttonB   0x000000002000011c        0x4 ./Core/Src/main.o
                0x000000002000011c                buttonB
 .bss.buttonC   0x0000000020000120        0x4 ./Core/Src/main.o
                0x0000000020000120                buttonC
 .bss.displayUsartSem
                0x0000000020000124        0x4 ./Core/Src/main.o
                0x0000000020000124                displayUsartSem
 .bss.initializeBoardSem
                0x0000000020000128        0x4 ./Core/Src/main.o
                0x0000000020000128                initializeBoardSem
 .bss.newBlockSem
                0x000000002000012c        0x4 ./Core/Src/main.o
                0x000000002000012c                newBlockSem
 .bss.checkRowsSem
                0x0000000020000130        0x4 ./Core/Src/main.o
                0x0000000020000130                checkRowsSem
 .bss.lostSem   0x0000000020000134        0x4 ./Core/Src/main.o
                0x0000000020000134                lostSem
 .bss.displaySPISem
                0x0000000020000138        0x4 ./Core/Src/main.o
                0x0000000020000138                displaySPISem
 .bss.feld      0x000000002000013c        0x4 ./Core/Src/main.o
                0x000000002000013c                feld
 .bss.position  0x0000000020000140        0x4 ./Core/Src/main.o
                0x0000000020000140                position
 .bss.Max7219_SPI
                0x0000000020000144        0x4 ./Core/Src/max7219.o
                0x0000000020000144                Max7219_SPI
 .bss.Max7219_SS_Port
                0x0000000020000148        0x4 ./Core/Src/max7219.o
                0x0000000020000148                Max7219_SS_Port
 .bss.Max7219_SS_Pin
                0x000000002000014c        0x2 ./Core/Src/max7219.o
                0x000000002000014c                Max7219_SS_Pin
 *fill*         0x000000002000014e        0x2 
 .bss.FrameBuffer
                0x0000000020000150        0x8 ./Core/Src/max7219_matrix.o
                0x0000000020000150                FrameBuffer
 .bss.htim7     0x0000000020000158       0x4c ./Core/Src/stm32l4xx_hal_timebase_tim.o
                0x0000000020000158                htim7
 .bss.uwTick    0x00000000200001a4        0x4 ./Drivers/STM32L4xx_HAL_Driver/Src/stm32l4xx_hal.o
                0x00000000200001a4                uwTick
 .bss.KernelState
                0x00000000200001a8        0x4 ./Middlewares/Third_Party/FreeRTOS/Source/CMSIS_RTOS_V2/cmsis_os2.o
 .bss.Idle_TCB.3
                0x00000000200001ac       0x5c ./Middlewares/Third_Party/FreeRTOS/Source/CMSIS_RTOS_V2/cmsis_os2.o
 .bss.Idle_Stack.2
                0x0000000020000208      0x200 ./Middlewares/Third_Party/FreeRTOS/Source/CMSIS_RTOS_V2/cmsis_os2.o
 .bss.Timer_TCB.1
                0x0000000020000408       0x5c ./Middlewares/Third_Party/FreeRTOS/Source/CMSIS_RTOS_V2/cmsis_os2.o
 .bss.Timer_Stack.0
                0x0000000020000464      0x400 ./Middlewares/Third_Party/FreeRTOS/Source/CMSIS_RTOS_V2/cmsis_os2.o
 .bss.xQueueRegistry
                0x0000000020000864       0x40 ./Middlewares/Third_Party/FreeRTOS/Source/queue.o
                0x0000000020000864                xQueueRegistry
 .bss.pxCurrentTCB
                0x00000000200008a4        0x4 ./Middlewares/Third_Party/FreeRTOS/Source/tasks.o
                0x00000000200008a4                pxCurrentTCB
 .bss.pxReadyTasksLists
                0x00000000200008a8      0x460 ./Middlewares/Third_Party/FreeRTOS/Source/tasks.o
 .bss.xDelayedTaskList1
                0x0000000020000d08       0x14 ./Middlewares/Third_Party/FreeRTOS/Source/tasks.o
 .bss.xDelayedTaskList2
                0x0000000020000d1c       0x14 ./Middlewares/Third_Party/FreeRTOS/Source/tasks.o
 .bss.pxDelayedTaskList
                0x0000000020000d30        0x4 ./Middlewares/Third_Party/FreeRTOS/Source/tasks.o
 .bss.pxOverflowDelayedTaskList
                0x0000000020000d34        0x4 ./Middlewares/Third_Party/FreeRTOS/Source/tasks.o
 .bss.xPendingReadyList
                0x0000000020000d38       0x14 ./Middlewares/Third_Party/FreeRTOS/Source/tasks.o
 .bss.xTasksWaitingTermination
                0x0000000020000d4c       0x14 ./Middlewares/Third_Party/FreeRTOS/Source/tasks.o
 .bss.uxDeletedTasksWaitingCleanUp
                0x0000000020000d60        0x4 ./Middlewares/Third_Party/FreeRTOS/Source/tasks.o
 .bss.xSuspendedTaskList
                0x0000000020000d64       0x14 ./Middlewares/Third_Party/FreeRTOS/Source/tasks.o
 .bss.uxCurrentNumberOfTasks
                0x0000000020000d78        0x4 ./Middlewares/Third_Party/FreeRTOS/Source/tasks.o
 .bss.xTickCount
                0x0000000020000d7c        0x4 ./Middlewares/Third_Party/FreeRTOS/Source/tasks.o
 .bss.uxTopReadyPriority
                0x0000000020000d80        0x4 ./Middlewares/Third_Party/FreeRTOS/Source/tasks.o
 .bss.xSchedulerRunning
                0x0000000020000d84        0x4 ./Middlewares/Third_Party/FreeRTOS/Source/tasks.o
 .bss.xPendedTicks
                0x0000000020000d88        0x4 ./Middlewares/Third_Party/FreeRTOS/Source/tasks.o
 .bss.xYieldPending
                0x0000000020000d8c        0x4 ./Middlewares/Third_Party/FreeRTOS/Source/tasks.o
 .bss.xNumOfOverflows
                0x0000000020000d90        0x4 ./Middlewares/Third_Party/FreeRTOS/Source/tasks.o
 .bss.uxTaskNumber
                0x0000000020000d94        0x4 ./Middlewares/Third_Party/FreeRTOS/Source/tasks.o
 .bss.xNextTaskUnblockTime
                0x0000000020000d98        0x4 ./Middlewares/Third_Party/FreeRTOS/Source/tasks.o
 .bss.xIdleTaskHandle
                0x0000000020000d9c        0x4 ./Middlewares/Third_Party/FreeRTOS/Source/tasks.o
 .bss.uxSchedulerSuspended
                0x0000000020000da0        0x4 ./Middlewares/Third_Party/FreeRTOS/Source/tasks.o
 .bss.xActiveTimerList1
                0x0000000020000da4       0x14 ./Middlewares/Third_Party/FreeRTOS/Source/timers.o
 .bss.xActiveTimerList2
                0x0000000020000db8       0x14 ./Middlewares/Third_Party/FreeRTOS/Source/timers.o
 .bss.pxCurrentTimerList
                0x0000000020000dcc        0x4 ./Middlewares/Third_Party/FreeRTOS/Source/timers.o
 .bss.pxOverflowTimerList
                0x0000000020000dd0        0x4 ./Middlewares/Third_Party/FreeRTOS/Source/timers.o
 .bss.xTimerQueue
                0x0000000020000dd4        0x4 ./Middlewares/Third_Party/FreeRTOS/Source/timers.o
 .bss.xTimerTaskHandle
                0x0000000020000dd8        0x4 ./Middlewares/Third_Party/FreeRTOS/Source/timers.o
 .bss.xLastTime.2
                0x0000000020000ddc        0x4 ./Middlewares/Third_Party/FreeRTOS/Source/timers.o
 .bss.ucStaticTimerQueueStorage.1
                0x0000000020000de0       0xa0 ./Middlewares/Third_Party/FreeRTOS/Source/timers.o
 .bss.xStaticTimerQueue.0
                0x0000000020000e80       0x50 ./Middlewares/Third_Party/FreeRTOS/Source/timers.o
 .bss.ucMaxSysCallPriority
                0x0000000020000ed0        0x1 ./Middlewares/Third_Party/FreeRTOS/Source/portable/GCC/ARM_CM4F/port.o
 *fill*         0x0000000020000ed1        0x3 
 .bss.ulMaxPRIGROUPValue
                0x0000000020000ed4        0x4 ./Middlewares/Third_Party/FreeRTOS/Source/portable/GCC/ARM_CM4F/port.o
 .bss.ucHeap    0x0000000020000ed8     0x7d00 ./Middlewares/Third_Party/FreeRTOS/Source/portable/MemMang/heap_4.o
 .bss.xStart    0x0000000020008bd8        0x8 ./Middlewares/Third_Party/FreeRTOS/Source/portable/MemMang/heap_4.o
 .bss.pxEnd     0x0000000020008be0        0x4 ./Middlewares/Third_Party/FreeRTOS/Source/portable/MemMang/heap_4.o
 .bss.xFreeBytesRemaining
                0x0000000020008be4        0x4 ./Middlewares/Third_Party/FreeRTOS/Source/portable/MemMang/heap_4.o
 .bss.xMinimumEverFreeBytesRemaining
                0x0000000020008be8        0x4 ./Middlewares/Third_Party/FreeRTOS/Source/portable/MemMang/heap_4.o
 .bss.xNumberOfSuccessfulAllocations
                0x0000000020008bec        0x4 ./Middlewares/Third_Party/FreeRTOS/Source/portable/MemMang/heap_4.o
 .bss.xNumberOfSuccessfulFrees
                0x0000000020008bf0        0x4 ./Middlewares/Third_Party/FreeRTOS/Source/portable/MemMang/heap_4.o
 .bss.xBlockAllocatedBit
                0x0000000020008bf4        0x4 ./Middlewares/Third_Party/FreeRTOS/Source/portable/MemMang/heap_4.o
 *(COMMON)
                0x0000000020008bf8                . = ALIGN (0x4)
                0x0000000020008bf8                _ebss = .
                0x0000000020008bf8                __bss_end__ = _ebss

._user_heap_stack
                0x0000000020008bf8      0x600 load address 0x0000000008008798
                0x0000000020008bf8                . = ALIGN (0x8)
                [!provide]                        PROVIDE (end = .)
                0x0000000020008bf8                PROVIDE (_end = .)
                0x0000000020008df8                . = (. + _Min_Heap_Size)
 *fill*         0x0000000020008bf8      0x200 
                0x00000000200091f8                . = (. + _Min_Stack_Size)
 *fill*         0x0000000020008df8      0x400 
                0x00000000200091f8                . = ALIGN (0x8)

/DISCARD/
 libc.a(*)
 libm.a(*)
 libgcc.a(*)

.ARM.attributes
                0x0000000000000000       0x30
 *(.ARM.attributes)
 .ARM.attributes
                0x0000000000000000       0x1e c:/st/stm32cubeide_1.8.0/stm32cubeide/plugins/com.st.stm32cube.ide.mcu.externaltools.gnu-tools-for-stm32.10.3-2021.10.win32_1.0.0.202111181127/tools/bin/../lib/gcc/arm-none-eabi/10.3.1/thumb/v7e-m+fp/hard/crti.o
 .ARM.attributes
                0x000000000000001e       0x34 c:/st/stm32cubeide_1.8.0/stm32cubeide/plugins/com.st.stm32cube.ide.mcu.externaltools.gnu-tools-for-stm32.10.3-2021.10.win32_1.0.0.202111181127/tools/bin/../lib/gcc/arm-none-eabi/10.3.1/thumb/v7e-m+fp/hard/crtbegin.o
 .ARM.attributes
                0x0000000000000052       0x34 ./Core/Src/main.o
 .ARM.attributes
                0x0000000000000086       0x34 ./Core/Src/max7219.o
 .ARM.attributes
                0x00000000000000ba       0x34 ./Core/Src/max7219_matrix.o
 .ARM.attributes
                0x00000000000000ee       0x34 ./Core/Src/stm32l4xx_hal_msp.o
 .ARM.attributes
                0x0000000000000122       0x34 ./Core/Src/stm32l4xx_hal_timebase_tim.o
 .ARM.attributes
                0x0000000000000156       0x34 ./Core/Src/stm32l4xx_it.o
 .ARM.attributes
                0x000000000000018a       0x34 ./Core/Src/system_stm32l4xx.o
 .ARM.attributes
                0x00000000000001be       0x21 ./Core/Startup/startup_stm32l476rgtx.o
 .ARM.attributes
                0x00000000000001df       0x34 ./Drivers/STM32L4xx_HAL_Driver/Src/stm32l4xx_hal.o
 .ARM.attributes
                0x0000000000000213       0x34 ./Drivers/STM32L4xx_HAL_Driver/Src/stm32l4xx_hal_cortex.o
 .ARM.attributes
                0x0000000000000247       0x34 ./Drivers/STM32L4xx_HAL_Driver/Src/stm32l4xx_hal_gpio.o
 .ARM.attributes
                0x000000000000027b       0x34 ./Drivers/STM32L4xx_HAL_Driver/Src/stm32l4xx_hal_pwr_ex.o
 .ARM.attributes
                0x00000000000002af       0x34 ./Drivers/STM32L4xx_HAL_Driver/Src/stm32l4xx_hal_rcc.o
 .ARM.attributes
                0x00000000000002e3       0x34 ./Drivers/STM32L4xx_HAL_Driver/Src/stm32l4xx_hal_rcc_ex.o
 .ARM.attributes
                0x0000000000000317       0x34 ./Drivers/STM32L4xx_HAL_Driver/Src/stm32l4xx_hal_spi.o
 .ARM.attributes
                0x000000000000034b       0x34 ./Drivers/STM32L4xx_HAL_Driver/Src/stm32l4xx_hal_tim.o
 .ARM.attributes
                0x000000000000037f       0x34 ./Drivers/STM32L4xx_HAL_Driver/Src/stm32l4xx_hal_tim_ex.o
 .ARM.attributes
                0x00000000000003b3       0x34 ./Drivers/STM32L4xx_HAL_Driver/Src/stm32l4xx_hal_uart.o
 .ARM.attributes
                0x00000000000003e7       0x34 ./Middlewares/Third_Party/FreeRTOS/Source/CMSIS_RTOS_V2/cmsis_os2.o
 .ARM.attributes
                0x000000000000041b       0x34 ./Middlewares/Third_Party/FreeRTOS/Source/list.o
 .ARM.attributes
                0x000000000000044f       0x34 ./Middlewares/Third_Party/FreeRTOS/Source/queue.o
 .ARM.attributes
                0x0000000000000483       0x34 ./Middlewares/Third_Party/FreeRTOS/Source/tasks.o
 .ARM.attributes
                0x00000000000004b7       0x34 ./Middlewares/Third_Party/FreeRTOS/Source/timers.o
 .ARM.attributes
                0x00000000000004eb       0x34 ./Middlewares/Third_Party/FreeRTOS/Source/portable/GCC/ARM_CM4F/port.o
 .ARM.attributes
                0x000000000000051f       0x34 ./Middlewares/Third_Party/FreeRTOS/Source/portable/MemMang/heap_4.o
 .ARM.attributes
                0x0000000000000553       0x34 c:/st/stm32cubeide_1.8.0/stm32cubeide/plugins/com.st.stm32cube.ide.mcu.externaltools.gnu-tools-for-stm32.10.3-2021.10.win32_1.0.0.202111181127/tools/bin/../lib/gcc/arm-none-eabi/10.3.1/../../../../arm-none-eabi/lib/thumb/v7e-m+fp/hard\libc_nano.a(lib_a-init.o)
 .ARM.attributes
                0x0000000000000587       0x34 c:/st/stm32cubeide_1.8.0/stm32cubeide/plugins/com.st.stm32cube.ide.mcu.externaltools.gnu-tools-for-stm32.10.3-2021.10.win32_1.0.0.202111181127/tools/bin/../lib/gcc/arm-none-eabi/10.3.1/../../../../arm-none-eabi/lib/thumb/v7e-m+fp/hard\libc_nano.a(lib_a-memcpy-stub.o)
 .ARM.attributes
                0x00000000000005bb       0x34 c:/st/stm32cubeide_1.8.0/stm32cubeide/plugins/com.st.stm32cube.ide.mcu.externaltools.gnu-tools-for-stm32.10.3-2021.10.win32_1.0.0.202111181127/tools/bin/../lib/gcc/arm-none-eabi/10.3.1/../../../../arm-none-eabi/lib/thumb/v7e-m+fp/hard\libc_nano.a(lib_a-memset.o)
 .ARM.attributes
                0x00000000000005ef       0x1e c:/st/stm32cubeide_1.8.0/stm32cubeide/plugins/com.st.stm32cube.ide.mcu.externaltools.gnu-tools-for-stm32.10.3-2021.10.win32_1.0.0.202111181127/tools/bin/../lib/gcc/arm-none-eabi/10.3.1/thumb/v7e-m+fp/hard\libgcc.a(_aeabi_uldivmod.o)
 .ARM.attributes
                0x000000000000060d       0x34 c:/st/stm32cubeide_1.8.0/stm32cubeide/plugins/com.st.stm32cube.ide.mcu.externaltools.gnu-tools-for-stm32.10.3-2021.10.win32_1.0.0.202111181127/tools/bin/../lib/gcc/arm-none-eabi/10.3.1/thumb/v7e-m+fp/hard\libgcc.a(_udivmoddi4.o)
 .ARM.attributes
                0x0000000000000641       0x1e c:/st/stm32cubeide_1.8.0/stm32cubeide/plugins/com.st.stm32cube.ide.mcu.externaltools.gnu-tools-for-stm32.10.3-2021.10.win32_1.0.0.202111181127/tools/bin/../lib/gcc/arm-none-eabi/10.3.1/thumb/v7e-m+fp/hard\libgcc.a(_dvmd_tls.o)
 .ARM.attributes
                0x000000000000065f       0x1e c:/st/stm32cubeide_1.8.0/stm32cubeide/plugins/com.st.stm32cube.ide.mcu.externaltools.gnu-tools-for-stm32.10.3-2021.10.win32_1.0.0.202111181127/tools/bin/../lib/gcc/arm-none-eabi/10.3.1/thumb/v7e-m+fp/hard/crtn.o
OUTPUT(2_tet_new.elf elf32-littlearm)
LOAD linker stubs
LOAD c:/st/stm32cubeide_1.8.0/stm32cubeide/plugins/com.st.stm32cube.ide.mcu.externaltools.gnu-tools-for-stm32.10.3-2021.10.win32_1.0.0.202111181127/tools/bin/../lib/gcc/arm-none-eabi/10.3.1/../../../../arm-none-eabi/lib/thumb/v7e-m+fp/hard\libc.a
LOAD c:/st/stm32cubeide_1.8.0/stm32cubeide/plugins/com.st.stm32cube.ide.mcu.externaltools.gnu-tools-for-stm32.10.3-2021.10.win32_1.0.0.202111181127/tools/bin/../lib/gcc/arm-none-eabi/10.3.1/../../../../arm-none-eabi/lib/thumb/v7e-m+fp/hard\libm.a
LOAD c:/st/stm32cubeide_1.8.0/stm32cubeide/plugins/com.st.stm32cube.ide.mcu.externaltools.gnu-tools-for-stm32.10.3-2021.10.win32_1.0.0.202111181127/tools/bin/../lib/gcc/arm-none-eabi/10.3.1/thumb/v7e-m+fp/hard\libgcc.a

.debug_info     0x0000000000000000    0x1e993
 .debug_info    0x0000000000000000     0x2435 ./Core/Src/main.o
 .debug_info    0x0000000000002435      0xc00 ./Core/Src/max7219.o
 .debug_info    0x0000000000003035      0xc6d ./Core/Src/max7219_matrix.o
 .debug_info    0x0000000000003ca2     0x12d0 ./Core/Src/stm32l4xx_hal_msp.o
 .debug_info    0x0000000000004f72      0xcdf ./Core/Src/stm32l4xx_hal_timebase_tim.o
 .debug_info    0x0000000000005c51      0x725 ./Core/Src/stm32l4xx_it.o
 .debug_info    0x0000000000006376      0x5c6 ./Core/Src/system_stm32l4xx.o
 .debug_info    0x000000000000693c       0x22 ./Core/Startup/startup_stm32l476rgtx.o
 .debug_info    0x000000000000695e      0xc57 ./Drivers/STM32L4xx_HAL_Driver/Src/stm32l4xx_hal.o
 .debug_info    0x00000000000075b5      0xe21 ./Drivers/STM32L4xx_HAL_Driver/Src/stm32l4xx_hal_cortex.o
 .debug_info    0x00000000000083d6      0x821 ./Drivers/STM32L4xx_HAL_Driver/Src/stm32l4xx_hal_gpio.o
 .debug_info    0x0000000000008bf7      0x9f0 ./Drivers/STM32L4xx_HAL_Driver/Src/stm32l4xx_hal_pwr_ex.o
 .debug_info    0x00000000000095e7      0xced ./Drivers/STM32L4xx_HAL_Driver/Src/stm32l4xx_hal_rcc.o
 .debug_info    0x000000000000a2d4      0xe92 ./Drivers/STM32L4xx_HAL_Driver/Src/stm32l4xx_hal_rcc_ex.o
 .debug_info    0x000000000000b166     0x1782 ./Drivers/STM32L4xx_HAL_Driver/Src/stm32l4xx_hal_spi.o
 .debug_info    0x000000000000c8e8     0x2d04 ./Drivers/STM32L4xx_HAL_Driver/Src/stm32l4xx_hal_tim.o
 .debug_info    0x000000000000f5ec     0x17eb ./Drivers/STM32L4xx_HAL_Driver/Src/stm32l4xx_hal_tim_ex.o
 .debug_info    0x0000000000010dd7     0x3d0e ./Drivers/STM32L4xx_HAL_Driver/Src/stm32l4xx_hal_uart.o
 .debug_info    0x0000000000014ae5     0x3c38 ./Middlewares/Third_Party/FreeRTOS/Source/CMSIS_RTOS_V2/cmsis_os2.o
 .debug_info    0x000000000001871d      0x2d1 ./Middlewares/Third_Party/FreeRTOS/Source/list.o
 .debug_info    0x00000000000189ee     0x1cbf ./Middlewares/Third_Party/FreeRTOS/Source/queue.o
 .debug_info    0x000000000001a6ad     0x2362 ./Middlewares/Third_Party/FreeRTOS/Source/tasks.o
 .debug_info    0x000000000001ca0f     0x1572 ./Middlewares/Third_Party/FreeRTOS/Source/timers.o
 .debug_info    0x000000000001df81      0x507 ./Middlewares/Third_Party/FreeRTOS/Source/portable/GCC/ARM_CM4F/port.o
 .debug_info    0x000000000001e488      0x50b ./Middlewares/Third_Party/FreeRTOS/Source/portable/MemMang/heap_4.o

.debug_abbrev   0x0000000000000000     0x3b38
 .debug_abbrev  0x0000000000000000      0x32f ./Core/Src/main.o
 .debug_abbrev  0x000000000000032f      0x260 ./Core/Src/max7219.o
 .debug_abbrev  0x000000000000058f      0x267 ./Core/Src/max7219_matrix.o
 .debug_abbrev  0x00000000000007f6      0x1ce ./Core/Src/stm32l4xx_hal_msp.o
 .debug_abbrev  0x00000000000009c4      0x1e6 ./Core/Src/stm32l4xx_hal_timebase_tim.o
 .debug_abbrev  0x0000000000000baa      0x171 ./Core/Src/stm32l4xx_it.o
 .debug_abbrev  0x0000000000000d1b      0x116 ./Core/Src/system_stm32l4xx.o
 .debug_abbrev  0x0000000000000e31       0x12 ./Core/Startup/startup_stm32l476rgtx.o
 .debug_abbrev  0x0000000000000e43      0x23a ./Drivers/STM32L4xx_HAL_Driver/Src/stm32l4xx_hal.o
 .debug_abbrev  0x000000000000107d      0x316 ./Drivers/STM32L4xx_HAL_Driver/Src/stm32l4xx_hal_cortex.o
 .debug_abbrev  0x0000000000001393      0x1bb ./Drivers/STM32L4xx_HAL_Driver/Src/stm32l4xx_hal_gpio.o
 .debug_abbrev  0x000000000000154e      0x1f3 ./Drivers/STM32L4xx_HAL_Driver/Src/stm32l4xx_hal_pwr_ex.o
 .debug_abbrev  0x0000000000001741      0x2bd ./Drivers/STM32L4xx_HAL_Driver/Src/stm32l4xx_hal_rcc.o
 .debug_abbrev  0x00000000000019fe      0x299 ./Drivers/STM32L4xx_HAL_Driver/Src/stm32l4xx_hal_rcc_ex.o
 .debug_abbrev  0x0000000000001c97      0x254 ./Drivers/STM32L4xx_HAL_Driver/Src/stm32l4xx_hal_spi.o
 .debug_abbrev  0x0000000000001eeb      0x264 ./Drivers/STM32L4xx_HAL_Driver/Src/stm32l4xx_hal_tim.o
 .debug_abbrev  0x000000000000214f      0x26c ./Drivers/STM32L4xx_HAL_Driver/Src/stm32l4xx_hal_tim_ex.o
 .debug_abbrev  0x00000000000023bb      0x2bc ./Drivers/STM32L4xx_HAL_Driver/Src/stm32l4xx_hal_uart.o
 .debug_abbrev  0x0000000000002677      0x500 ./Middlewares/Third_Party/FreeRTOS/Source/CMSIS_RTOS_V2/cmsis_os2.o
 .debug_abbrev  0x0000000000002b77       0xf2 ./Middlewares/Third_Party/FreeRTOS/Source/list.o
 .debug_abbrev  0x0000000000002c69      0x3a1 ./Middlewares/Third_Party/FreeRTOS/Source/queue.o
 .debug_abbrev  0x000000000000300a      0x37d ./Middlewares/Third_Party/FreeRTOS/Source/tasks.o
 .debug_abbrev  0x0000000000003387      0x346 ./Middlewares/Third_Party/FreeRTOS/Source/timers.o
 .debug_abbrev  0x00000000000036cd      0x259 ./Middlewares/Third_Party/FreeRTOS/Source/portable/GCC/ARM_CM4F/port.o
 .debug_abbrev  0x0000000000003926      0x212 ./Middlewares/Third_Party/FreeRTOS/Source/portable/MemMang/heap_4.o

.debug_aranges  0x0000000000000000     0x1988
 .debug_aranges
                0x0000000000000000       0xc8 ./Core/Src/main.o
 .debug_aranges
                0x00000000000000c8       0x80 ./Core/Src/max7219.o
 .debug_aranges
                0x0000000000000148       0x68 ./Core/Src/max7219_matrix.o
 .debug_aranges
                0x00000000000001b0       0x40 ./Core/Src/stm32l4xx_hal_msp.o
 .debug_aranges
                0x00000000000001f0       0x30 ./Core/Src/stm32l4xx_hal_timebase_tim.o
 .debug_aranges
                0x0000000000000220       0x50 ./Core/Src/stm32l4xx_it.o
 .debug_aranges
                0x0000000000000270       0x28 ./Core/Src/system_stm32l4xx.o
 .debug_aranges
                0x0000000000000298       0x28 ./Core/Startup/startup_stm32l476rgtx.o
 .debug_aranges
                0x00000000000002c0      0x130 ./Drivers/STM32L4xx_HAL_Driver/Src/stm32l4xx_hal.o
 .debug_aranges
                0x00000000000003f0      0x118 ./Drivers/STM32L4xx_HAL_Driver/Src/stm32l4xx_hal_cortex.o
 .debug_aranges
                0x0000000000000508       0x58 ./Drivers/STM32L4xx_HAL_Driver/Src/stm32l4xx_hal_gpio.o
 .debug_aranges
                0x0000000000000560      0x160 ./Drivers/STM32L4xx_HAL_Driver/Src/stm32l4xx_hal_pwr_ex.o
 .debug_aranges
                0x00000000000006c0       0x90 ./Drivers/STM32L4xx_HAL_Driver/Src/stm32l4xx_hal_rcc.o
 .debug_aranges
                0x0000000000000750       0xc0 ./Drivers/STM32L4xx_HAL_Driver/Src/stm32l4xx_hal_rcc_ex.o
 .debug_aranges
                0x0000000000000810      0x1d8 ./Drivers/STM32L4xx_HAL_Driver/Src/stm32l4xx_hal_spi.o
 .debug_aranges
                0x00000000000009e8      0x3e0 ./Drivers/STM32L4xx_HAL_Driver/Src/stm32l4xx_hal_tim.o
 .debug_aranges
                0x0000000000000dc8      0x180 ./Drivers/STM32L4xx_HAL_Driver/Src/stm32l4xx_hal_tim_ex.o
 .debug_aranges
                0x0000000000000f48      0x228 ./Drivers/STM32L4xx_HAL_Driver/Src/stm32l4xx_hal_uart.o
 .debug_aranges
                0x0000000000001170      0x2b0 ./Middlewares/Third_Party/FreeRTOS/Source/CMSIS_RTOS_V2/cmsis_os2.o
 .debug_aranges
                0x0000000000001420       0x40 ./Middlewares/Third_Party/FreeRTOS/Source/list.o
 .debug_aranges
                0x0000000000001460      0x158 ./Middlewares/Third_Party/FreeRTOS/Source/queue.o
 .debug_aranges
                0x00000000000015b8      0x208 ./Middlewares/Third_Party/FreeRTOS/Source/tasks.o
 .debug_aranges
                0x00000000000017c0       0xf0 ./Middlewares/Third_Party/FreeRTOS/Source/timers.o
 .debug_aranges
                0x00000000000018b0       0x80 ./Middlewares/Third_Party/FreeRTOS/Source/portable/GCC/ARM_CM4F/port.o
 .debug_aranges
                0x0000000000001930       0x58 ./Middlewares/Third_Party/FreeRTOS/Source/portable/MemMang/heap_4.o

.debug_ranges   0x0000000000000000     0x1830
 .debug_ranges  0x0000000000000000       0xb8 ./Core/Src/main.o
 .debug_ranges  0x00000000000000b8       0x70 ./Core/Src/max7219.o
 .debug_ranges  0x0000000000000128       0x58 ./Core/Src/max7219_matrix.o
 .debug_ranges  0x0000000000000180       0x30 ./Core/Src/stm32l4xx_hal_msp.o
 .debug_ranges  0x00000000000001b0       0x20 ./Core/Src/stm32l4xx_hal_timebase_tim.o
 .debug_ranges  0x00000000000001d0       0x40 ./Core/Src/stm32l4xx_it.o
 .debug_ranges  0x0000000000000210       0x18 ./Core/Src/system_stm32l4xx.o
 .debug_ranges  0x0000000000000228       0x20 ./Core/Startup/startup_stm32l476rgtx.o
 .debug_ranges  0x0000000000000248      0x120 ./Drivers/STM32L4xx_HAL_Driver/Src/stm32l4xx_hal.o
 .debug_ranges  0x0000000000000368      0x108 ./Drivers/STM32L4xx_HAL_Driver/Src/stm32l4xx_hal_cortex.o
 .debug_ranges  0x0000000000000470       0x48 ./Drivers/STM32L4xx_HAL_Driver/Src/stm32l4xx_hal_gpio.o
 .debug_ranges  0x00000000000004b8      0x150 ./Drivers/STM32L4xx_HAL_Driver/Src/stm32l4xx_hal_pwr_ex.o
 .debug_ranges  0x0000000000000608       0x80 ./Drivers/STM32L4xx_HAL_Driver/Src/stm32l4xx_hal_rcc.o
 .debug_ranges  0x0000000000000688       0xb0 ./Drivers/STM32L4xx_HAL_Driver/Src/stm32l4xx_hal_rcc_ex.o
 .debug_ranges  0x0000000000000738      0x1c8 ./Drivers/STM32L4xx_HAL_Driver/Src/stm32l4xx_hal_spi.o
 .debug_ranges  0x0000000000000900      0x3d0 ./Drivers/STM32L4xx_HAL_Driver/Src/stm32l4xx_hal_tim.o
 .debug_ranges  0x0000000000000cd0      0x170 ./Drivers/STM32L4xx_HAL_Driver/Src/stm32l4xx_hal_tim_ex.o
 .debug_ranges  0x0000000000000e40      0x248 ./Drivers/STM32L4xx_HAL_Driver/Src/stm32l4xx_hal_uart.o
 .debug_ranges  0x0000000000001088      0x2a0 ./Middlewares/Third_Party/FreeRTOS/Source/CMSIS_RTOS_V2/cmsis_os2.o
 .debug_ranges  0x0000000000001328       0x30 ./Middlewares/Third_Party/FreeRTOS/Source/list.o
 .debug_ranges  0x0000000000001358      0x148 ./Middlewares/Third_Party/FreeRTOS/Source/queue.o
 .debug_ranges  0x00000000000014a0      0x1f8 ./Middlewares/Third_Party/FreeRTOS/Source/tasks.o
 .debug_ranges  0x0000000000001698       0xe0 ./Middlewares/Third_Party/FreeRTOS/Source/timers.o
 .debug_ranges  0x0000000000001778       0x70 ./Middlewares/Third_Party/FreeRTOS/Source/portable/GCC/ARM_CM4F/port.o
 .debug_ranges  0x00000000000017e8       0x48 ./Middlewares/Third_Party/FreeRTOS/Source/portable/MemMang/heap_4.o

.debug_macro    0x0000000000000000     0x452b
 .debug_macro   0x0000000000000000      0x2ca ./Core/Src/main.o
 .debug_macro   0x00000000000002ca      0x169 ./Core/Src/main.o
 .debug_macro   0x0000000000000433       0x66 ./Core/Src/main.o
 .debug_macro   0x0000000000000499       0x74 ./Core/Src/main.o
 .debug_macro   0x000000000000050d       0xdd ./Core/Src/main.o
 .debug_macro   0x00000000000005ea       0x87 ./Core/Src/main.o
 .debug_macro   0x0000000000000671       0x9a ./Core/Src/main.o
 .debug_macro   0x000000000000070b       0x22 ./Core/Src/main.o
 .debug_macro   0x000000000000072d       0x64 ./Core/Src/main.o
 .debug_macro   0x0000000000000791       0x16 ./Core/Src/main.o
 .debug_macro   0x00000000000007a7      0x206 ./Core/Src/max7219.o
 .debug_macro   0x00000000000009ad       0x5e ./Core/Src/max7219.o
 .debug_macro   0x0000000000000a0b      0x324 ./Core/Src/max7219_matrix.o
 .debug_macro   0x0000000000000d2f       0x10 ./Core/Src/max7219_matrix.o
 .debug_macro   0x0000000000000d3f       0x52 ./Core/Src/max7219_matrix.o
 .debug_macro   0x0000000000000d91       0x1e ./Core/Src/max7219_matrix.o
 .debug_macro   0x0000000000000daf       0x3c ./Core/Src/max7219_matrix.o
 .debug_macro   0x0000000000000deb       0x34 ./Core/Src/max7219_matrix.o
 .debug_macro   0x0000000000000e1f       0x16 ./Core/Src/max7219_matrix.o
 .debug_macro   0x0000000000000e35       0x43 ./Core/Src/max7219_matrix.o
 .debug_macro   0x0000000000000e78       0x34 ./Core/Src/max7219_matrix.o
 .debug_macro   0x0000000000000eac       0x10 ./Core/Src/max7219_matrix.o
 .debug_macro   0x0000000000000ebc       0x58 ./Core/Src/max7219_matrix.o
 .debug_macro   0x0000000000000f14       0x71 ./Core/Src/max7219_matrix.o
 .debug_macro   0x0000000000000f85       0x1c ./Core/Src/max7219_matrix.o
 .debug_macro   0x0000000000000fa1      0x12a ./Core/Src/max7219_matrix.o
 .debug_macro   0x00000000000010cb      0x341 ./Core/Src/max7219_matrix.o
 .debug_macro   0x000000000000140c       0x10 ./Core/Src/max7219_matrix.o
 .debug_macro   0x000000000000141c       0x35 ./Core/Src/max7219_matrix.o
 .debug_macro   0x0000000000001451       0x20 ./Core/Src/max7219_matrix.o
 .debug_macro   0x0000000000001471      0x19b ./Core/Src/max7219_matrix.o
 .debug_macro   0x000000000000160c       0x16 ./Core/Src/max7219_matrix.o
 .debug_macro   0x0000000000001622       0x16 ./Core/Src/max7219_matrix.o
 .debug_macro   0x0000000000001638       0x29 ./Core/Src/max7219_matrix.o
 .debug_macro   0x0000000000001661      0x1fd ./Core/Src/stm32l4xx_hal_msp.o
 .debug_macro   0x000000000000185e      0x1ee ./Core/Src/stm32l4xx_hal_timebase_tim.o
 .debug_macro   0x0000000000001a4c      0x207 ./Core/Src/stm32l4xx_it.o
 .debug_macro   0x0000000000001c53      0x1ee ./Core/Src/system_stm32l4xx.o
 .debug_macro   0x0000000000001e41      0x23c ./Drivers/STM32L4xx_HAL_Driver/Src/stm32l4xx_hal.o
 .debug_macro   0x000000000000207d      0x1ee ./Drivers/STM32L4xx_HAL_Driver/Src/stm32l4xx_hal_cortex.o
 .debug_macro   0x000000000000226b      0x1f5 ./Drivers/STM32L4xx_HAL_Driver/Src/stm32l4xx_hal_gpio.o
 .debug_macro   0x0000000000002460      0x212 ./Drivers/STM32L4xx_HAL_Driver/Src/stm32l4xx_hal_pwr_ex.o
 .debug_macro   0x0000000000002672      0x230 ./Drivers/STM32L4xx_HAL_Driver/Src/stm32l4xx_hal_rcc.o
 .debug_macro   0x00000000000028a2      0x224 ./Drivers/STM32L4xx_HAL_Driver/Src/stm32l4xx_hal_rcc_ex.o
 .debug_macro   0x0000000000002ac6      0x1f6 ./Drivers/STM32L4xx_HAL_Driver/Src/stm32l4xx_hal_spi.o
 .debug_macro   0x0000000000002cbc      0x1ef ./Drivers/STM32L4xx_HAL_Driver/Src/stm32l4xx_hal_tim.o
 .debug_macro   0x0000000000002eab      0x1ee ./Drivers/STM32L4xx_HAL_Driver/Src/stm32l4xx_hal_tim_ex.o
 .debug_macro   0x0000000000003099      0x219 ./Drivers/STM32L4xx_HAL_Driver/Src/stm32l4xx_hal_uart.o
 .debug_macro   0x00000000000032b2      0x3e5 ./Middlewares/Third_Party/FreeRTOS/Source/CMSIS_RTOS_V2/cmsis_os2.o
 .debug_macro   0x0000000000003697       0x10 ./Middlewares/Third_Party/FreeRTOS/Source/CMSIS_RTOS_V2/cmsis_os2.o
 .debug_macro   0x00000000000036a7       0xf5 ./Middlewares/Third_Party/FreeRTOS/Source/CMSIS_RTOS_V2/cmsis_os2.o
 .debug_macro   0x000000000000379c       0x91 ./Middlewares/Third_Party/FreeRTOS/Source/CMSIS_RTOS_V2/cmsis_os2.o
 .debug_macro   0x000000000000382d       0x8d ./Middlewares/Third_Party/FreeRTOS/Source/CMSIS_RTOS_V2/cmsis_os2.o
 .debug_macro   0x00000000000038ba       0x22 ./Middlewares/Third_Party/FreeRTOS/Source/CMSIS_RTOS_V2/cmsis_os2.o
 .debug_macro   0x00000000000038dc       0x56 ./Middlewares/Third_Party/FreeRTOS/Source/CMSIS_RTOS_V2/cmsis_os2.o
 .debug_macro   0x0000000000003932      0x187 ./Middlewares/Third_Party/FreeRTOS/Source/list.o
 .debug_macro   0x0000000000003ab9      0x216 ./Middlewares/Third_Party/FreeRTOS/Source/queue.o
 .debug_macro   0x0000000000003ccf       0x16 ./Middlewares/Third_Party/FreeRTOS/Source/queue.o
 .debug_macro   0x0000000000003ce5      0x27f ./Middlewares/Third_Party/FreeRTOS/Source/tasks.o
 .debug_macro   0x0000000000003f64       0x10 ./Middlewares/Third_Party/FreeRTOS/Source/tasks.o
 .debug_macro   0x0000000000003f74      0x1dc ./Middlewares/Third_Party/FreeRTOS/Source/timers.o
 .debug_macro   0x0000000000004150       0x97 ./Middlewares/Third_Party/FreeRTOS/Source/timers.o
 .debug_macro   0x00000000000041e7      0x196 ./Middlewares/Third_Party/FreeRTOS/Source/portable/GCC/ARM_CM4F/port.o
 .debug_macro   0x000000000000437d      0x1ae ./Middlewares/Third_Party/FreeRTOS/Source/portable/MemMang/heap_4.o

.debug_line     0x0000000000000000    0x1c390
 .debug_line    0x0000000000000000     0x1083 ./Core/Src/main.o
 .debug_line    0x0000000000001083      0x9fd ./Core/Src/max7219.o
 .debug_line    0x0000000000001a80      0xc93 ./Core/Src/max7219_matrix.o
 .debug_line    0x0000000000002713      0x7c7 ./Core/Src/stm32l4xx_hal_msp.o
 .debug_line    0x0000000000002eda      0x791 ./Core/Src/stm32l4xx_hal_timebase_tim.o
 .debug_line    0x000000000000366b      0x7b7 ./Core/Src/stm32l4xx_it.o
 .debug_line    0x0000000000003e22      0x7b2 ./Core/Src/system_stm32l4xx.o
 .debug_line    0x00000000000045d4       0x88 ./Core/Startup/startup_stm32l476rgtx.o
 .debug_line    0x000000000000465c      0xb0b ./Drivers/STM32L4xx_HAL_Driver/Src/stm32l4xx_hal.o
 .debug_line    0x0000000000005167      0xcb1 ./Drivers/STM32L4xx_HAL_Driver/Src/stm32l4xx_hal_cortex.o
 .debug_line    0x0000000000005e18      0xb7e ./Drivers/STM32L4xx_HAL_Driver/Src/stm32l4xx_hal_gpio.o
 .debug_line    0x0000000000006996      0xd02 ./Drivers/STM32L4xx_HAL_Driver/Src/stm32l4xx_hal_pwr_ex.o
 .debug_line    0x0000000000007698      0xf84 ./Drivers/STM32L4xx_HAL_Driver/Src/stm32l4xx_hal_rcc.o
 .debug_line    0x000000000000861c     0x14c3 ./Drivers/STM32L4xx_HAL_Driver/Src/stm32l4xx_hal_rcc_ex.o
 .debug_line    0x0000000000009adf     0x1f44 ./Drivers/STM32L4xx_HAL_Driver/Src/stm32l4xx_hal_spi.o
 .debug_line    0x000000000000ba23     0x3d77 ./Drivers/STM32L4xx_HAL_Driver/Src/stm32l4xx_hal_tim.o
 .debug_line    0x000000000000f79a     0x1c10 ./Drivers/STM32L4xx_HAL_Driver/Src/stm32l4xx_hal_tim_ex.o
 .debug_line    0x00000000000113aa     0x3288 ./Drivers/STM32L4xx_HAL_Driver/Src/stm32l4xx_hal_uart.o
 .debug_line    0x0000000000014632     0x2413 ./Middlewares/Third_Party/FreeRTOS/Source/CMSIS_RTOS_V2/cmsis_os2.o
 .debug_line    0x0000000000016a45      0x6f8 ./Middlewares/Third_Party/FreeRTOS/Source/list.o
 .debug_line    0x000000000001713d     0x16c2 ./Middlewares/Third_Party/FreeRTOS/Source/queue.o
 .debug_line    0x00000000000187ff     0x1d77 ./Middlewares/Third_Party/FreeRTOS/Source/tasks.o
 .debug_line    0x000000000001a576      0xd58 ./Middlewares/Third_Party/FreeRTOS/Source/timers.o
 .debug_line    0x000000000001b2ce      0x7a0 ./Middlewares/Third_Party/FreeRTOS/Source/portable/GCC/ARM_CM4F/port.o
 .debug_line    0x000000000001ba6e      0x922 ./Middlewares/Third_Party/FreeRTOS/Source/portable/MemMang/heap_4.o

.debug_str      0x0000000000000000   0x100c7c
 .debug_str     0x0000000000000000    0xf4b4b ./Core/Src/main.o
                                      0xf5056 (size before relaxing)
 .debug_str     0x00000000000f4b4b      0x1dd ./Core/Src/max7219.o
                                      0xee01d (size before relaxing)
 .debug_str     0x00000000000f4d28     0x3876 ./Core/Src/max7219_matrix.o
                                      0xf171c (size before relaxing)
 .debug_str     0x00000000000f859e      0x301 ./Core/Src/stm32l4xx_hal_msp.o
                                      0xee8aa (size before relaxing)
 .debug_str     0x00000000000f889f      0x107 ./Core/Src/stm32l4xx_hal_timebase_tim.o
                                      0xee4b9 (size before relaxing)
 .debug_str     0x00000000000f89a6       0xb5 ./Core/Src/stm32l4xx_it.o
                                      0xede86 (size before relaxing)
 .debug_str     0x00000000000f8a5b       0xe2 ./Core/Src/system_stm32l4xx.o
                                      0xeda09 (size before relaxing)
 .debug_str     0x00000000000f8b3d       0x36 ./Core/Startup/startup_stm32l476rgtx.o
                                         0x78 (size before relaxing)
 .debug_str     0x00000000000f8b73      0x654 ./Drivers/STM32L4xx_HAL_Driver/Src/stm32l4xx_hal.o
                                      0xee608 (size before relaxing)
 .debug_str     0x00000000000f91c7      0x328 ./Drivers/STM32L4xx_HAL_Driver/Src/stm32l4xx_hal_cortex.o
                                      0xee250 (size before relaxing)
 .debug_str     0x00000000000f94ef       0xd3 ./Drivers/STM32L4xx_HAL_Driver/Src/stm32l4xx_hal_gpio.o
                                      0xedb82 (size before relaxing)
 .debug_str     0x00000000000f95c2      0x4e3 ./Drivers/STM32L4xx_HAL_Driver/Src/stm32l4xx_hal_pwr_ex.o
                                      0xedf64 (size before relaxing)
 .debug_str     0x00000000000f9aa5      0x30f ./Drivers/STM32L4xx_HAL_Driver/Src/stm32l4xx_hal_rcc.o
                                      0xee04f (size before relaxing)
 .debug_str     0x00000000000f9db4      0x3bf ./Drivers/STM32L4xx_HAL_Driver/Src/stm32l4xx_hal_rcc_ex.o
                                      0xee1c8 (size before relaxing)
 .debug_str     0x00000000000fa173      0x5a7 ./Drivers/STM32L4xx_HAL_Driver/Src/stm32l4xx_hal_spi.o
                                      0xee22a (size before relaxing)
 .debug_str     0x00000000000fa71a      0xe7e ./Drivers/STM32L4xx_HAL_Driver/Src/stm32l4xx_hal_tim.o
                                      0xeed39 (size before relaxing)
 .debug_str     0x00000000000fb598      0x60d ./Drivers/STM32L4xx_HAL_Driver/Src/stm32l4xx_hal_tim_ex.o
                                      0xee65d (size before relaxing)
 .debug_str     0x00000000000fbba5      0x888 ./Drivers/STM32L4xx_HAL_Driver/Src/stm32l4xx_hal_uart.o
                                      0xee739 (size before relaxing)
 .debug_str     0x00000000000fc42d     0x1ded ./Middlewares/Third_Party/FreeRTOS/Source/CMSIS_RTOS_V2/cmsis_os2.o
                                      0xf828c (size before relaxing)
 .debug_str     0x00000000000fe21a      0x12d ./Middlewares/Third_Party/FreeRTOS/Source/list.o
                                       0xa66c (size before relaxing)
 .debug_str     0x00000000000fe347      0x889 ./Middlewares/Third_Party/FreeRTOS/Source/queue.o
                                       0xc1ac (size before relaxing)
 .debug_str     0x00000000000febd0     0x1056 ./Middlewares/Third_Party/FreeRTOS/Source/tasks.o
                                       0xcc69 (size before relaxing)
 .debug_str     0x00000000000ffc26      0x5af ./Middlewares/Third_Party/FreeRTOS/Source/timers.o
                                       0xc6de (size before relaxing)
 .debug_str     0x00000000001001d5      0x783 ./Middlewares/Third_Party/FreeRTOS/Source/portable/GCC/ARM_CM4F/port.o
                                       0x85dd (size before relaxing)
 .debug_str     0x0000000000100958      0x324 ./Middlewares/Third_Party/FreeRTOS/Source/portable/MemMang/heap_4.o
                                       0xafae (size before relaxing)

.comment        0x0000000000000000       0x50
 .comment       0x0000000000000000       0x50 ./Core/Src/main.o
                                         0x51 (size before relaxing)
 .comment       0x0000000000000050       0x51 ./Core/Src/max7219.o
 .comment       0x0000000000000050       0x51 ./Core/Src/max7219_matrix.o
 .comment       0x0000000000000050       0x51 ./Core/Src/stm32l4xx_hal_msp.o
 .comment       0x0000000000000050       0x51 ./Core/Src/stm32l4xx_hal_timebase_tim.o
 .comment       0x0000000000000050       0x51 ./Core/Src/stm32l4xx_it.o
 .comment       0x0000000000000050       0x51 ./Core/Src/system_stm32l4xx.o
 .comment       0x0000000000000050       0x51 ./Drivers/STM32L4xx_HAL_Driver/Src/stm32l4xx_hal.o
 .comment       0x0000000000000050       0x51 ./Drivers/STM32L4xx_HAL_Driver/Src/stm32l4xx_hal_cortex.o
 .comment       0x0000000000000050       0x51 ./Drivers/STM32L4xx_HAL_Driver/Src/stm32l4xx_hal_gpio.o
 .comment       0x0000000000000050       0x51 ./Drivers/STM32L4xx_HAL_Driver/Src/stm32l4xx_hal_pwr_ex.o
 .comment       0x0000000000000050       0x51 ./Drivers/STM32L4xx_HAL_Driver/Src/stm32l4xx_hal_rcc.o
 .comment       0x0000000000000050       0x51 ./Drivers/STM32L4xx_HAL_Driver/Src/stm32l4xx_hal_rcc_ex.o
 .comment       0x0000000000000050       0x51 ./Drivers/STM32L4xx_HAL_Driver/Src/stm32l4xx_hal_spi.o
 .comment       0x0000000000000050       0x51 ./Drivers/STM32L4xx_HAL_Driver/Src/stm32l4xx_hal_tim.o
 .comment       0x0000000000000050       0x51 ./Drivers/STM32L4xx_HAL_Driver/Src/stm32l4xx_hal_tim_ex.o
 .comment       0x0000000000000050       0x51 ./Drivers/STM32L4xx_HAL_Driver/Src/stm32l4xx_hal_uart.o
 .comment       0x0000000000000050       0x51 ./Middlewares/Third_Party/FreeRTOS/Source/CMSIS_RTOS_V2/cmsis_os2.o
 .comment       0x0000000000000050       0x51 ./Middlewares/Third_Party/FreeRTOS/Source/list.o
 .comment       0x0000000000000050       0x51 ./Middlewares/Third_Party/FreeRTOS/Source/queue.o
 .comment       0x0000000000000050       0x51 ./Middlewares/Third_Party/FreeRTOS/Source/tasks.o
 .comment       0x0000000000000050       0x51 ./Middlewares/Third_Party/FreeRTOS/Source/timers.o
 .comment       0x0000000000000050       0x51 ./Middlewares/Third_Party/FreeRTOS/Source/portable/GCC/ARM_CM4F/port.o
 .comment       0x0000000000000050       0x51 ./Middlewares/Third_Party/FreeRTOS/Source/portable/MemMang/heap_4.o

.debug_frame    0x0000000000000000     0x6c10
 .debug_frame   0x0000000000000000      0x2d8 ./Core/Src/main.o
 .debug_frame   0x00000000000002d8      0x1d4 ./Core/Src/max7219.o