../Core/Src/main.c:92:5:main	16	static
../Core/Src/main.c:198:6:SystemClock_Config	96	static
../Core/Src/main.c:248:13:MX_SPI1_Init	8	static
../Core/Src/main.c:288:13:MX_USART2_UART_Init	8	static
../Core/Src/main.c:323:13:MX_GPIO_Init	48	static
../Core/Src/main.c:369:6:TaskPeriodical	24	static
../Core/Src/main.c:379:6:TaskLowerBlock	296	static
../Core/Src/main.c:416:6:TaskInitializeBoard	280	static
../Core/Src/main.c:440:6:TaskNewBlock	280	static
../Core/Src/main.c:472:6:TaskLost	304	static
../Core/Src/main.c:536:6:TaskMoveRight	296	static
../Core/Src/main.c:579:6:TaskMoveLeft	296	static
../Core/Src/main.c:631:6:TaskMoveDown	312	static
../Core/Src/main.c:698:6:TaskCheckRow	320	static
../Core/Src/main.c:764:6:TaskDisplayUsart	288	static
../Core/Src/main.c:791:6:TaskDisplaySPI	272	static
../Core/Src/main.c:808:6:EXTI3_IRQHandler	16	static,ignoring_inline_asm
../Core/Src/main.c:817:6:EXTI4_IRQHandler	16	static,ignoring_inline_asm
../Core/Src/main.c:826:6:EXTI9_5_IRQHandler	16	static,ignoring_inline_asm
../Core/Src/main.c:844:6:StartDefaultTask	16	static
../Core/Src/main.c:863:6:HAL_TIM_PeriodElapsedCallback	16	static
../Core/Src/main.c:880:6:Error_Handler	4	static,ignoring_inline_asm
